[2026-04-15 01:59:11.645] local.info: [61.771ms] [rows:1] SELECT * FROM "users" WHERE "email" = 'admin@askara.com' ORDER BY "users"."id" LIMIT 1
[2026-04-15 01:59:11.735] local.info: [29.118ms] [rows:1] SELECT * FROM "user_roles" WHERE user_id = '00000000-0000-0000-0000-000000000099'
[2026-04-15 01:59:11.756] local.info: [20.658ms] [rows:1] SELECT * FROM "roles" WHERE id IN ('68c46dfb-a565-4938-99d7-9fdd0acf8a7e')
[2026-04-15 01:59:11.795] local.info: [39.509ms] [rows:45] SELECT "role_permissions"."permission_id" FROM "role_permissions" WHERE role_id = '68c46dfb-a565-4938-99d7-9fdd0acf8a7e'
[2026-04-15 01:59:11.814] local.info: [18.373ms] [rows:45] SELECT * FROM "permissions" WHERE id IN ('ab6da9f5-8b11-4644-9aaa-009b3b28a4ec','5daf3519-8949-4d26-b4bc-00c8b03f04fe','91166846-7ec1-42de-b134-ce141c3a9d7d','28c919a4-3744-4931-805a-a219892adbe3','789e0c77-5a0c-4ea7-a2e1-606803a6e2bd','6cd9d7a8-34ac-4740-9bc1-aa386ae6de38','8d2454fc-6567-46f9-8527-5843c7142e3c','cf81b7d4-096a-435a-b515-ad3f779199b8','82188518-37d9-45c0-9bca-b0d202cc9449','c01ff63f-6e93-4a78-8e50-87af96ab4a89','a14b8e8b-3f32-475f-8a47-5d33dab3042e','653cb315-36f1-4697-90e4-329900532da2','217d2f9d-5606-432f-99aa-bd6fb720b45f','328bd207-61d6-40ab-9d1d-bbe31ba63a3e','9b3cb586-a24f-4353-8c5a-6a860eba7357','a9280ee9-eb73-4cfb-8092-80f4c2cc5529','e225de9e-e14e-4219-a638-44d136be5613','46c78359-bdb4-421e-9182-d1d095921f20','b0aabdc2-3a7f-496c-a902-ee468671cf24','f4e500e8-45dd-4eeb-8b47-c97d832f18b2','00f63f53-4009-405a-9736-eff543475f78','31cb98ec-4d68-460a-8a6b-1566b0356cb5','29033b15-df4d-4afe-b261-d9f9d978215b','770de03c-008e-4352-915b-dbad46394b3e','386b4440-e446-4a4c-bbf2-2df0b3d482e7','764434f1-f401-4cec-b0a5-94c50e4c10bb','f8315a47-3595-4af7-afca-831deb36ae44','16b41fad-47bb-456e-818a-0e17a10696d3','7dba2974-eed0-4a24-8090-13ce49e8ae9c','2107c201-e779-4d54-b9d8-e77e63506727','540fda97-9bb5-45a3-8677-e5494a35f98d','8db21bed-0a56-4384-b989-46c85bf60a4a','b64fe46a-25b2-4780-b910-8897bab331d1','04b0026e-ed12-4e5e-85e2-1ed905581184','c4b26668-789f-4117-b9af-34719df71955','06cf74d1-3ae5-4aee-8048-5fab3132f2ba','5ce4a39b-7e40-4486-b5d7-7f910cb36590','b23b7eaa-6c87-413b-b144-42b7afafd4df','f033f831-0ad6-4654-b9cc-9ad6f8c92e8c','af282aaf-606b-4d5f-9ef8-070dc205befb','24c1e762-e92d-485c-ab51-7bd8574e8cb1','2d68eaae-a710-43ae-b278-b376f0865788','21fdd8fe-78d5-4ce1-ae83-7df1ebfc6f56','23922b05-5fbd-49fd-8f6e-3847cabd2503','5c53b1b4-f8e2-4bd1-a376-d983f799cf4b')
[2026-04-15 01:59:11.855] local.info: [40.862ms] [rows:1] UPDATE "users" SET "last_login_at"='2026-04-15 08:59:11.814',"updated_at"='2026-04-15 01:59:11.814' WHERE "id" = '00000000-0000-0000-0000-000000000099'
[2026-04-15 01:59:11.895] local.info: [40.097ms] [rows:1] UPDATE "users" SET "last_login_ip"='127.0.0.1',"updated_at"='2026-04-15 01:59:11.855' WHERE "id" = '00000000-0000-0000-0000-000000000099'
[2026-04-15 01:59:11.916] local.info: [20.764ms] [rows:1] SELECT * FROM "companies" WHERE id = '00000000-0000-0000-0000-000000000001' ORDER BY "companies"."id" LIMIT 1
[2026-04-15 01:59:11.943] local.info: [26.232ms] [rows:1] SELECT * FROM "offices" WHERE id = '00000000-0000-0000-0000-000000000002' ORDER BY "offices"."id" LIMIT 1
[2026-04-15 01:59:11.969] local.info: [26.101ms] [rows:1] SELECT * FROM "departments" WHERE id = '00000000-0000-0000-0000-000000000003' ORDER BY "departments"."id" LIMIT 1
[2026-04-15 01:59:20.816] local.info: [42.306ms] [rows:1] SELECT * FROM "users" WHERE "email" = 'admin@askara.com' ORDER BY "users"."id" LIMIT 1
[2026-04-15 01:59:20.926] local.info: [43.865ms] [rows:1] SELECT * FROM "user_roles" WHERE user_id = '00000000-0000-0000-0000-000000000099'
[2026-04-15 01:59:20.953] local.info: [26.967ms] [rows:1] SELECT * FROM "roles" WHERE id IN ('68c46dfb-a565-4938-99d7-9fdd0acf8a7e')
[2026-04-15 01:59:20.97] local.info: [15.989ms] [rows:45] SELECT "role_permissions"."permission_id" FROM "role_permissions" WHERE role_id = '68c46dfb-a565-4938-99d7-9fdd0acf8a7e'
[2026-04-15 01:59:20.984] local.info: [14.877ms] [rows:45] SELECT * FROM "permissions" WHERE id IN ('ab6da9f5-8b11-4644-9aaa-009b3b28a4ec','5daf3519-8949-4d26-b4bc-00c8b03f04fe','91166846-7ec1-42de-b134-ce141c3a9d7d','28c919a4-3744-4931-805a-a219892adbe3','789e0c77-5a0c-4ea7-a2e1-606803a6e2bd','6cd9d7a8-34ac-4740-9bc1-aa386ae6de38','8d2454fc-6567-46f9-8527-5843c7142e3c','cf81b7d4-096a-435a-b515-ad3f779199b8','82188518-37d9-45c0-9bca-b0d202cc9449','c01ff63f-6e93-4a78-8e50-87af96ab4a89','a14b8e8b-3f32-475f-8a47-5d33dab3042e','653cb315-36f1-4697-90e4-329900532da2','217d2f9d-5606-432f-99aa-bd6fb720b45f','328bd207-61d6-40ab-9d1d-bbe31ba63a3e','9b3cb586-a24f-4353-8c5a-6a860eba7357','a9280ee9-eb73-4cfb-8092-80f4c2cc5529','e225de9e-e14e-4219-a638-44d136be5613','46c78359-bdb4-421e-9182-d1d095921f20','b0aabdc2-3a7f-496c-a902-ee468671cf24','f4e500e8-45dd-4eeb-8b47-c97d832f18b2','00f63f53-4009-405a-9736-eff543475f78','31cb98ec-4d68-460a-8a6b-1566b0356cb5','29033b15-df4d-4afe-b261-d9f9d978215b','770de03c-008e-4352-915b-dbad46394b3e','386b4440-e446-4a4c-bbf2-2df0b3d482e7','764434f1-f401-4cec-b0a5-94c50e4c10bb','f8315a47-3595-4af7-afca-831deb36ae44','16b41fad-47bb-456e-818a-0e17a10696d3','7dba2974-eed0-4a24-8090-13ce49e8ae9c','2107c201-e779-4d54-b9d8-e77e63506727','540fda97-9bb5-45a3-8677-e5494a35f98d','8db21bed-0a56-4384-b989-46c85bf60a4a','b64fe46a-25b2-4780-b910-8897bab331d1','04b0026e-ed12-4e5e-85e2-1ed905581184','c4b26668-789f-4117-b9af-34719df71955','06cf74d1-3ae5-4aee-8048-5fab3132f2ba','5ce4a39b-7e40-4486-b5d7-7f910cb36590','b23b7eaa-6c87-413b-b144-42b7afafd4df','f033f831-0ad6-4654-b9cc-9ad6f8c92e8c','af282aaf-606b-4d5f-9ef8-070dc205befb','24c1e762-e92d-485c-ab51-7bd8574e8cb1','2d68eaae-a710-43ae-b278-b376f0865788','21fdd8fe-78d5-4ce1-ae83-7df1ebfc6f56','23922b05-5fbd-49fd-8f6e-3847cabd2503','5c53b1b4-f8e2-4bd1-a376-d983f799cf4b')
[2026-04-15 01:59:21.051] local.info: [66.290ms] [rows:1] UPDATE "users" SET "last_login_at"='2026-04-15 08:59:20.985',"updated_at"='2026-04-15 01:59:20.985' WHERE "id" = '00000000-0000-0000-0000-000000000099'
[2026-04-15 01:59:21.095] local.info: [43.821ms] [rows:1] UPDATE "users" SET "last_login_ip"='127.0.0.1',"updated_at"='2026-04-15 01:59:21.051' WHERE "id" = '00000000-0000-0000-0000-000000000099'
[2026-04-15 01:59:21.125] local.info: [29.879ms] [rows:1] SELECT * FROM "companies" WHERE id = '00000000-0000-0000-0000-000000000001' ORDER BY "companies"."id" LIMIT 1
[2026-04-15 01:59:21.145] local.info: [19.765ms] [rows:1] SELECT * FROM "offices" WHERE id = '00000000-0000-0000-0000-000000000002' ORDER BY "offices"."id" LIMIT 1
[2026-04-15 01:59:21.164] local.info: [19.390ms] [rows:1] SELECT * FROM "departments" WHERE id = '00000000-0000-0000-0000-000000000003' ORDER BY "departments"."id" LIMIT 1
[2026-04-15 01:59:32.614] local.info: [41.514ms] [rows:1] SELECT * FROM "users" WHERE "email" = 'admin@askara.com' ORDER BY "users"."id" LIMIT 1
[2026-04-15 01:59:32.705] local.info: [23.179ms] [rows:1] SELECT * FROM "user_roles" WHERE user_id = '00000000-0000-0000-0000-000000000099'
[2026-04-15 01:59:32.714] local.info: [9.273ms] [rows:1] SELECT * FROM "roles" WHERE id IN ('68c46dfb-a565-4938-99d7-9fdd0acf8a7e')
[2026-04-15 01:59:32.735] local.info: [20.480ms] [rows:45] SELECT "role_permissions"."permission_id" FROM "role_permissions" WHERE role_id = '68c46dfb-a565-4938-99d7-9fdd0acf8a7e'
[2026-04-15 01:59:32.756] local.info: [21.577ms] [rows:45] SELECT * FROM "permissions" WHERE id IN ('ab6da9f5-8b11-4644-9aaa-009b3b28a4ec','5daf3519-8949-4d26-b4bc-00c8b03f04fe','91166846-7ec1-42de-b134-ce141c3a9d7d','28c919a4-3744-4931-805a-a219892adbe3','789e0c77-5a0c-4ea7-a2e1-606803a6e2bd','6cd9d7a8-34ac-4740-9bc1-aa386ae6de38','8d2454fc-6567-46f9-8527-5843c7142e3c','cf81b7d4-096a-435a-b515-ad3f779199b8','82188518-37d9-45c0-9bca-b0d202cc9449','c01ff63f-6e93-4a78-8e50-87af96ab4a89','a14b8e8b-3f32-475f-8a47-5d33dab3042e','653cb315-36f1-4697-90e4-329900532da2','217d2f9d-5606-432f-99aa-bd6fb720b45f','328bd207-61d6-40ab-9d1d-bbe31ba63a3e','9b3cb586-a24f-4353-8c5a-6a860eba7357','a9280ee9-eb73-4cfb-8092-80f4c2cc5529','e225de9e-e14e-4219-a638-44d136be5613','46c78359-bdb4-421e-9182-d1d095921f20','b0aabdc2-3a7f-496c-a902-ee468671cf24','f4e500e8-45dd-4eeb-8b47-c97d832f18b2','00f63f53-4009-405a-9736-eff543475f78','31cb98ec-4d68-460a-8a6b-1566b0356cb5','29033b15-df4d-4afe-b261-d9f9d978215b','770de03c-008e-4352-915b-dbad46394b3e','386b4440-e446-4a4c-bbf2-2df0b3d482e7','764434f1-f401-4cec-b0a5-94c50e4c10bb','f8315a47-3595-4af7-afca-831deb36ae44','16b41fad-47bb-456e-818a-0e17a10696d3','7dba2974-eed0-4a24-8090-13ce49e8ae9c','2107c201-e779-4d54-b9d8-e77e63506727','540fda97-9bb5-45a3-8677-e5494a35f98d','8db21bed-0a56-4384-b989-46c85bf60a4a','b64fe46a-25b2-4780-b910-8897bab331d1','04b0026e-ed12-4e5e-85e2-1ed905581184','c4b26668-789f-4117-b9af-34719df71955','06cf74d1-3ae5-4aee-8048-5fab3132f2ba','5ce4a39b-7e40-4486-b5d7-7f910cb36590','b23b7eaa-6c87-413b-b144-42b7afafd4df','f033f831-0ad6-4654-b9cc-9ad6f8c92e8c','af282aaf-606b-4d5f-9ef8-070dc205befb','24c1e762-e92d-485c-ab51-7bd8574e8cb1','2d68eaae-a710-43ae-b278-b376f0865788','21fdd8fe-78d5-4ce1-ae83-7df1ebfc6f56','23922b05-5fbd-49fd-8f6e-3847cabd2503','5c53b1b4-f8e2-4bd1-a376-d983f799cf4b')
[2026-04-15 01:59:32.814] local.info: [58.025ms] [rows:1] UPDATE "users" SET "last_login_at"='2026-04-15 08:59:32.756',"updated_at"='2026-04-15 01:59:32.756' WHERE "id" = '00000000-0000-0000-0000-000000000099'
[2026-04-15 01:59:32.854] local.info: [39.882ms] [rows:1] UPDATE "users" SET "last_login_ip"='127.0.0.1',"updated_at"='2026-04-15 01:59:32.815' WHERE "id" = '00000000-0000-0000-0000-000000000099'
[2026-04-15 01:59:32.874] local.info: [19.783ms] [rows:1] SELECT * FROM "companies" WHERE id = '00000000-0000-0000-0000-000000000001' ORDER BY "companies"."id" LIMIT 1
[2026-04-15 01:59:32.904] local.info: [29.897ms] [rows:1] SELECT * FROM "offices" WHERE id = '00000000-0000-0000-0000-000000000002' ORDER BY "offices"."id" LIMIT 1
[2026-04-15 01:59:32.944] local.info: [39.778ms] [rows:1] SELECT * FROM "departments" WHERE id = '00000000-0000-0000-0000-000000000003' ORDER BY "departments"."id" LIMIT 1
[2026-04-15 01:59:32.985] local.info: [34.798ms] [rows:1] SELECT * FROM "users" WHERE id = '00000000-0000-0000-0000-000000000099' ORDER BY "users"."id" LIMIT 1
[2026-04-15 01:59:33.005] local.info: [19.796ms] [rows:1] SELECT * FROM "user_roles" WHERE user_id = '00000000-0000-0000-0000-000000000099'
[2026-04-15 01:59:33.034] local.info: [29.309ms] [rows:1] SELECT * FROM "roles" WHERE id IN ('68c46dfb-a565-4938-99d7-9fdd0acf8a7e')
[2026-04-15 01:59:33.054] local.info: [20.126ms] [rows:45] SELECT * FROM "role_permissions" WHERE role_id IN ('68c46dfb-a565-4938-99d7-9fdd0acf8a7e')
[2026-04-15 01:59:33.095] local.info: [40.229ms] [rows:45] SELECT * FROM "permissions" WHERE id IN ('ab6da9f5-8b11-4644-9aaa-009b3b28a4ec','5daf3519-8949-4d26-b4bc-00c8b03f04fe','91166846-7ec1-42de-b134-ce141c3a9d7d','28c919a4-3744-4931-805a-a219892adbe3','789e0c77-5a0c-4ea7-a2e1-606803a6e2bd','6cd9d7a8-34ac-4740-9bc1-aa386ae6de38','8d2454fc-6567-46f9-8527-5843c7142e3c','cf81b7d4-096a-435a-b515-ad3f779199b8','82188518-37d9-45c0-9bca-b0d202cc9449','c01ff63f-6e93-4a78-8e50-87af96ab4a89','a14b8e8b-3f32-475f-8a47-5d33dab3042e','653cb315-36f1-4697-90e4-329900532da2','217d2f9d-5606-432f-99aa-bd6fb720b45f','328bd207-61d6-40ab-9d1d-bbe31ba63a3e','9b3cb586-a24f-4353-8c5a-6a860eba7357','a9280ee9-eb73-4cfb-8092-80f4c2cc5529','e225de9e-e14e-4219-a638-44d136be5613','46c78359-bdb4-421e-9182-d1d095921f20','b0aabdc2-3a7f-496c-a902-ee468671cf24','f4e500e8-45dd-4eeb-8b47-c97d832f18b2','00f63f53-4009-405a-9736-eff543475f78','31cb98ec-4d68-460a-8a6b-1566b0356cb5','29033b15-df4d-4afe-b261-d9f9d978215b','770de03c-008e-4352-915b-dbad46394b3e','386b4440-e446-4a4c-bbf2-2df0b3d482e7','764434f1-f401-4cec-b0a5-94c50e4c10bb','f8315a47-3595-4af7-afca-831deb36ae44','16b41fad-47bb-456e-818a-0e17a10696d3','7dba2974-eed0-4a24-8090-13ce49e8ae9c','2107c201-e779-4d54-b9d8-e77e63506727','540fda97-9bb5-45a3-8677-e5494a35f98d','8db21bed-0a56-4384-b989-46c85bf60a4a','b64fe46a-25b2-4780-b910-8897bab331d1','04b0026e-ed12-4e5e-85e2-1ed905581184','c4b26668-789f-4117-b9af-34719df71955','06cf74d1-3ae5-4aee-8048-5fab3132f2ba','5ce4a39b-7e40-4486-b5d7-7f910cb36590','b23b7eaa-6c87-413b-b144-42b7afafd4df','f033f831-0ad6-4654-b9cc-9ad6f8c92e8c','af282aaf-606b-4d5f-9ef8-070dc205befb','24c1e762-e92d-485c-ab51-7bd8574e8cb1','2d68eaae-a710-43ae-b278-b376f0865788','21fdd8fe-78d5-4ce1-ae83-7df1ebfc6f56','23922b05-5fbd-49fd-8f6e-3847cabd2503','5c53b1b4-f8e2-4bd1-a376-d983f799cf4b')
[2026-04-15 01:59:33.116] local.info: [21.025ms] [rows:1] SELECT * FROM "users" WHERE id = '00000000-0000-0000-0000-000000000099' ORDER BY "users"."id" LIMIT 1
[2026-04-15 01:59:33.145] local.info: [28.664ms] [rows:1] SELECT * FROM "companies" WHERE id = '00000000-0000-0000-0000-000000000001' ORDER BY "companies"."id" LIMIT 1
[2026-04-15 01:59:33.168] local.info: [22.275ms] [rows:1] SELECT * FROM "offices" WHERE id = '00000000-0000-0000-0000-000000000002' ORDER BY "offices"."id" LIMIT 1
[2026-04-15 01:59:33.205] local.info: [36.852ms] [rows:1] SELECT * FROM "departments" WHERE id = '00000000-0000-0000-0000-000000000003' ORDER BY "departments"."id" LIMIT 1
[2026-04-15 01:59:33.235] local.info: [28.995ms] [rows:1] SELECT * FROM "user_roles" WHERE user_id = '00000000-0000-0000-0000-000000000099'
[2026-04-15 01:59:33.255] local.info: [20.103ms] [rows:1] SELECT * FROM "roles" WHERE id IN ('68c46dfb-a565-4938-99d7-9fdd0acf8a7e')
[2026-04-15 01:59:33.275] local.info: [19.210ms] [rows:45] SELECT "role_permissions"."permission_id" FROM "role_permissions" WHERE role_id = '68c46dfb-a565-4938-99d7-9fdd0acf8a7e'
[2026-04-15 01:59:33.295] local.info: [19.600ms] [rows:45] SELECT * FROM "permissions" WHERE id IN ('ab6da9f5-8b11-4644-9aaa-009b3b28a4ec','5daf3519-8949-4d26-b4bc-00c8b03f04fe','91166846-7ec1-42de-b134-ce141c3a9d7d','28c919a4-3744-4931-805a-a219892adbe3','789e0c77-5a0c-4ea7-a2e1-606803a6e2bd','6cd9d7a8-34ac-4740-9bc1-aa386ae6de38','8d2454fc-6567-46f9-8527-5843c7142e3c','cf81b7d4-096a-435a-b515-ad3f779199b8','82188518-37d9-45c0-9bca-b0d202cc9449','c01ff63f-6e93-4a78-8e50-87af96ab4a89','a14b8e8b-3f32-475f-8a47-5d33dab3042e','653cb315-36f1-4697-90e4-329900532da2','217d2f9d-5606-432f-99aa-bd6fb720b45f','328bd207-61d6-40ab-9d1d-bbe31ba63a3e','9b3cb586-a24f-4353-8c5a-6a860eba7357','a9280ee9-eb73-4cfb-8092-80f4c2cc5529','e225de9e-e14e-4219-a638-44d136be5613','46c78359-bdb4-421e-9182-d1d095921f20','b0aabdc2-3a7f-496c-a902-ee468671cf24','f4e500e8-45dd-4eeb-8b47-c97d832f18b2','00f63f53-4009-405a-9736-eff543475f78','31cb98ec-4d68-460a-8a6b-1566b0356cb5','29033b15-df4d-4afe-b261-d9f9d978215b','770de03c-008e-4352-915b-dbad46394b3e','386b4440-e446-4a4c-bbf2-2df0b3d482e7','764434f1-f401-4cec-b0a5-94c50e4c10bb','f8315a47-3595-4af7-afca-831deb36ae44','16b41fad-47bb-456e-818a-0e17a10696d3','7dba2974-eed0-4a24-8090-13ce49e8ae9c','2107c201-e779-4d54-b9d8-e77e63506727','540fda97-9bb5-45a3-8677-e5494a35f98d','8db21bed-0a56-4384-b989-46c85bf60a4a','b64fe46a-25b2-4780-b910-8897bab331d1','04b0026e-ed12-4e5e-85e2-1ed905581184','c4b26668-789f-4117-b9af-34719df71955','06cf74d1-3ae5-4aee-8048-5fab3132f2ba','5ce4a39b-7e40-4486-b5d7-7f910cb36590','b23b7eaa-6c87-413b-b144-42b7afafd4df','f033f831-0ad6-4654-b9cc-9ad6f8c92e8c','af282aaf-606b-4d5f-9ef8-070dc205befb','24c1e762-e92d-485c-ab51-7bd8574e8cb1','2d68eaae-a710-43ae-b278-b376f0865788','21fdd8fe-78d5-4ce1-ae83-7df1ebfc6f56','23922b05-5fbd-49fd-8f6e-3847cabd2503','5c53b1b4-f8e2-4bd1-a376-d983f799cf4b')
[2026-04-15 02:11:35.069] local.info: [46.196ms] [rows:1] SELECT * FROM "users" WHERE "email" = 'admin@askara.com' ORDER BY "users"."id" LIMIT 1
[2026-04-15 02:11:35.159] local.info: [22.062ms] [rows:1] SELECT * FROM "user_roles" WHERE user_id = '00000000-0000-0000-0000-000000000099'
[2026-04-15 02:11:35.18] local.info: [20.895ms] [rows:1] SELECT * FROM "roles" WHERE id IN ('68c46dfb-a565-4938-99d7-9fdd0acf8a7e')
[2026-04-15 02:11:35.201] local.info: [20.635ms] [rows:45] SELECT "role_permissions"."permission_id" FROM "role_permissions" WHERE role_id = '68c46dfb-a565-4938-99d7-9fdd0acf8a7e'
[2026-04-15 02:11:35.22] local.info: [18.634ms] [rows:45] SELECT * FROM "permissions" WHERE id IN ('ab6da9f5-8b11-4644-9aaa-009b3b28a4ec','5daf3519-8949-4d26-b4bc-00c8b03f04fe','91166846-7ec1-42de-b134-ce141c3a9d7d','28c919a4-3744-4931-805a-a219892adbe3','789e0c77-5a0c-4ea7-a2e1-606803a6e2bd','6cd9d7a8-34ac-4740-9bc1-aa386ae6de38','8d2454fc-6567-46f9-8527-5843c7142e3c','cf81b7d4-096a-435a-b515-ad3f779199b8','82188518-37d9-45c0-9bca-b0d202cc9449','c01ff63f-6e93-4a78-8e50-87af96ab4a89','a14b8e8b-3f32-475f-8a47-5d33dab3042e','653cb315-36f1-4697-90e4-329900532da2','217d2f9d-5606-432f-99aa-bd6fb720b45f','328bd207-61d6-40ab-9d1d-bbe31ba63a3e','9b3cb586-a24f-4353-8c5a-6a860eba7357','a9280ee9-eb73-4cfb-8092-80f4c2cc5529','e225de9e-e14e-4219-a638-44d136be5613','46c78359-bdb4-421e-9182-d1d095921f20','b0aabdc2-3a7f-496c-a902-ee468671cf24','f4e500e8-45dd-4eeb-8b47-c97d832f18b2','00f63f53-4009-405a-9736-eff543475f78','31cb98ec-4d68-460a-8a6b-1566b0356cb5','29033b15-df4d-4afe-b261-d9f9d978215b','770de03c-008e-4352-915b-dbad46394b3e','386b4440-e446-4a4c-bbf2-2df0b3d482e7','764434f1-f401-4cec-b0a5-94c50e4c10bb','f8315a47-3595-4af7-afca-831deb36ae44','16b41fad-47bb-456e-818a-0e17a10696d3','7dba2974-eed0-4a24-8090-13ce49e8ae9c','2107c201-e779-4d54-b9d8-e77e63506727','540fda97-9bb5-45a3-8677-e5494a35f98d','8db21bed-0a56-4384-b989-46c85bf60a4a','b64fe46a-25b2-4780-b910-8897bab331d1','04b0026e-ed12-4e5e-85e2-1ed905581184','c4b26668-789f-4117-b9af-34719df71955','06cf74d1-3ae5-4aee-8048-5fab3132f2ba','5ce4a39b-7e40-4486-b5d7-7f910cb36590','b23b7eaa-6c87-413b-b144-42b7afafd4df','f033f831-0ad6-4654-b9cc-9ad6f8c92e8c','af282aaf-606b-4d5f-9ef8-070dc205befb','24c1e762-e92d-485c-ab51-7bd8574e8cb1','2d68eaae-a710-43ae-b278-b376f0865788','21fdd8fe-78d5-4ce1-ae83-7df1ebfc6f56','23922b05-5fbd-49fd-8f6e-3847cabd2503','5c53b1b4-f8e2-4bd1-a376-d983f799cf4b')
[2026-04-15 02:11:35.259] local.info: [39.182ms] [rows:1] UPDATE "users" SET "last_login_at"='2026-04-15 09:11:35.22',"updated_at"='2026-04-15 02:11:35.22' WHERE "id" = '00000000-0000-0000-0000-000000000099'
[2026-04-15 02:11:35.299] local.info: [39.815ms] [rows:1] UPDATE "users" SET "last_login_ip"='127.0.0.1',"updated_at"='2026-04-15 02:11:35.259' WHERE "id" = '00000000-0000-0000-0000-000000000099'
[2026-04-15 02:11:35.329] local.info: [29.924ms] [rows:1] SELECT * FROM "companies" WHERE id = '00000000-0000-0000-0000-000000000001' ORDER BY "companies"."id" LIMIT 1
[2026-04-15 02:11:35.349] local.info: [20.042ms] [rows:1] SELECT * FROM "offices" WHERE id = '00000000-0000-0000-0000-000000000002' ORDER BY "offices"."id" LIMIT 1
[2026-04-15 02:11:35.369] local.info: [19.705ms] [rows:1] SELECT * FROM "departments" WHERE id = '00000000-0000-0000-0000-000000000003' ORDER BY "departments"."id" LIMIT 1
[2026-04-15 02:11:41.209] local.info: [39.362ms] [rows:1] SELECT * FROM "users" WHERE id = '00000000-0000-0000-0000-000000000099' ORDER BY "users"."id" LIMIT 1
[2026-04-15 02:11:41.239] local.info: [29.780ms] [rows:1] SELECT * FROM "user_roles" WHERE user_id = '00000000-0000-0000-0000-000000000099'
[2026-04-15 02:11:41.269] local.info: [29.768ms] [rows:1] SELECT * FROM "roles" WHERE id IN ('68c46dfb-a565-4938-99d7-9fdd0acf8a7e')
[2026-04-15 02:11:41.299] local.info: [29.665ms] [rows:45] SELECT * FROM "role_permissions" WHERE role_id IN ('68c46dfb-a565-4938-99d7-9fdd0acf8a7e')
[2026-04-15 02:11:41.329] local.info: [30.207ms] [rows:45] SELECT * FROM "permissions" WHERE id IN ('ab6da9f5-8b11-4644-9aaa-009b3b28a4ec','5daf3519-8949-4d26-b4bc-00c8b03f04fe','91166846-7ec1-42de-b134-ce141c3a9d7d','28c919a4-3744-4931-805a-a219892adbe3','789e0c77-5a0c-4ea7-a2e1-606803a6e2bd','6cd9d7a8-34ac-4740-9bc1-aa386ae6de38','8d2454fc-6567-46f9-8527-5843c7142e3c','cf81b7d4-096a-435a-b515-ad3f779199b8','82188518-37d9-45c0-9bca-b0d202cc9449','c01ff63f-6e93-4a78-8e50-87af96ab4a89','a14b8e8b-3f32-475f-8a47-5d33dab3042e','653cb315-36f1-4697-90e4-329900532da2','217d2f9d-5606-432f-99aa-bd6fb720b45f','328bd207-61d6-40ab-9d1d-bbe31ba63a3e','9b3cb586-a24f-4353-8c5a-6a860eba7357','a9280ee9-eb73-4cfb-8092-80f4c2cc5529','e225de9e-e14e-4219-a638-44d136be5613','46c78359-bdb4-421e-9182-d1d095921f20','b0aabdc2-3a7f-496c-a902-ee468671cf24','f4e500e8-45dd-4eeb-8b47-c97d832f18b2','00f63f53-4009-405a-9736-eff543475f78','31cb98ec-4d68-460a-8a6b-1566b0356cb5','29033b15-df4d-4afe-b261-d9f9d978215b','770de03c-008e-4352-915b-dbad46394b3e','386b4440-e446-4a4c-bbf2-2df0b3d482e7','764434f1-f401-4cec-b0a5-94c50e4c10bb','f8315a47-3595-4af7-afca-831deb36ae44','16b41fad-47bb-456e-818a-0e17a10696d3','7dba2974-eed0-4a24-8090-13ce49e8ae9c','2107c201-e779-4d54-b9d8-e77e63506727','540fda97-9bb5-45a3-8677-e5494a35f98d','8db21bed-0a56-4384-b989-46c85bf60a4a','b64fe46a-25b2-4780-b910-8897bab331d1','04b0026e-ed12-4e5e-85e2-1ed905581184','c4b26668-789f-4117-b9af-34719df71955','06cf74d1-3ae5-4aee-8048-5fab3132f2ba','5ce4a39b-7e40-4486-b5d7-7f910cb36590','b23b7eaa-6c87-413b-b144-42b7afafd4df','f033f831-0ad6-4654-b9cc-9ad6f8c92e8c','af282aaf-606b-4d5f-9ef8-070dc205befb','24c1e762-e92d-485c-ab51-7bd8574e8cb1','2d68eaae-a710-43ae-b278-b376f0865788','21fdd8fe-78d5-4ce1-ae83-7df1ebfc6f56','23922b05-5fbd-49fd-8f6e-3847cabd2503','5c53b1b4-f8e2-4bd1-a376-d983f799cf4b')
[2026-04-15 02:11:41.371] local.error: [40.256ms] [rows:0] SELECT * FROM "documents" WHERE id = 'create' AND deleted_at IS NULL ORDER BY "documents"."id" LIMIT 1	ERROR: invalid input syntax for type uuid: "create" (SQLSTATE 22P02)
[Trace] /Users/arivin29macmini/go/pkg/mod/github.com/goravel/framework@v1.17.2/log/writer.go:202 [log.(*Writer).withStackTrace]
/Users/arivin29macmini/go/pkg/mod/github.com/goravel/framework@v1.17.2/log/writer.go:65 [log.(*Writer).Errorf]
/Users/arivin29macmini/go/pkg/mod/github.com/goravel/framework@v1.17.2/database/db/logger.go:79 [db.(*Logger).Errorf]
/Users/arivin29macmini/go/pkg/mod/github.com/goravel/framework@v1.17.2/database/db/logger.go:102 [db.(*Logger).Trace]
/Users/arivin29macmini/go/pkg/mod/github.com/goravel/framework@v1.17.2/database/db/logger.go:153 [db.(*Gorm).Trace]
/Users/arivin29macmini/go/pkg/mod/gorm.io/gorm@v1.31.1/callbacks.go:140 [gorm.(*processor).Execute]
/Users/arivin29macmini/go/pkg/mod/gorm.io/gorm@v1.31.1/finisher_api.go:131 [gorm.(*DB).First]
/Users/arivin29macmini/go/pkg/mod/github.com/goravel/framework@v1.17.2/database/gorm/query.go:299 [gorm.(*Query).First]
/Users/arivin29macmini/Documents/DEVETEK/BMS/dms/app/repositories/document_repository.go:188 [repositories.(*documentRepository).FindByIDWithRelations]
/Users/arivin29macmini/Documents/DEVETEK/BMS/dms/app/services/document_service.go:90 [services.(*DocumentService).GetByID]
/Users/arivin29macmini/Documents/DEVETEK/BMS/dms/app/http/controllers/document_controller.go:87 [controllers.(*DocumentController).Show]
/Users/arivin29macmini/go/pkg/mod/github.com/goravel/gin@v1.17.0/utils.go:37 [gin.(*Group).Get.handlerToGinHandler.func1]
/Users/arivin29macmini/go/pkg/mod/github.com/gin-gonic/gin@v1.11.0/context.go:192 [gin.(*Context).Next]
/Users/arivin29macmini/go/pkg/mod/github.com/goravel/gin@v1.17.0/context_request.go:230 [gin.(*ContextRequest).Next]
/Users/arivin29macmini/go/pkg/mod/github.com/goravel/gin@v1.17.0/context_response.go:157 [gin.(*Route).init.ResponseMiddleware.func2]
/Users/arivin29macmini/go/pkg/mod/github.com/goravel/gin@v1.17.0/utils.go:54 [gin.(*Group).WithMiddlewares.middlewaresToGinHandlers.middlewareToGinHandler.func1]
/Users/arivin29macmini/go/pkg/mod/github.com/gin-gonic/gin@v1.11.0/context.go:192 [gin.(*Context).Next]
/Users/arivin29macmini/go/pkg/mod/github.com/goravel/gin@v1.17.0/context_request.go:230 [gin.(*ContextRequest).Next]
/Users/arivin29macmini/Documents/DEVETEK/BMS/dms/app/http/middleware/rbac.go:30 [routes.Api.func2.2.RequirePermission.71]
/Users/arivin29macmini/go/pkg/mod/github.com/goravel/gin@v1.17.0/utils.go:54 [gin.(*Group).WithMiddlewares.middlewaresToGinHandlers.middlewareToGinHandler.func1]
/Users/arivin29macmini/go/pkg/mod/github.com/gin-gonic/gin@v1.11.0/context.go:192 [gin.(*Context).Next]
/Users/arivin29macmini/go/pkg/mod/github.com/goravel/gin@v1.17.0/context_request.go:230 [gin.(*ContextRequest).Next]
/Users/arivin29macmini/Documents/DEVETEK/BMS/dms/app/http/middleware/scope.go:63 [routes.Api.func2.DataScope.5]
/Users/arivin29macmini/go/pkg/mod/github.com/goravel/gin@v1.17.0/utils.go:54 [gin.(*Group).WithMiddlewares.middlewaresToGinHandlers.middlewareToGinHandler.func1]
/Users/arivin29macmini/go/pkg/mod/github.com/gin-gonic/gin@v1.11.0/context.go:192 [gin.(*Context).Next]
/Users/arivin29macmini/go/pkg/mod/github.com/goravel/gin@v1.17.0/context_request.go:230 [gin.(*ContextRequest).Next]
/Users/arivin29macmini/Documents/DEVETEK/BMS/dms/app/http/middleware/auth.go:50 [routes.Api.func2.Auth.4]
/Users/arivin29macmini/go/pkg/mod/github.com/goravel/gin@v1.17.0/utils.go:54 [gin.(*Group).WithMiddlewares.middlewaresToGinHandlers.middlewareToGinHandler.func1]
/Users/arivin29macmini/go/pkg/mod/github.com/gin-gonic/gin@v1.11.0/context.go:192 [gin.(*Context).Next]
/Users/arivin29macmini/go/pkg/mod/github.com/goravel/gin@v1.17.0/context_request.go:230 [gin.(*ContextRequest).Next]
/Users/arivin29macmini/Documents/DEVETEK/BMS/dms/app/http/middleware/cors.go:27 [routes.Api.Cors.func5]
/Users/arivin29macmini/go/pkg/mod/github.com/goravel/gin@v1.17.0/utils.go:54 [gin.(*Group).WithMiddlewares.middlewaresToGinHandlers.middlewareToGinHandler.func1]
/Users/arivin29macmini/go/pkg/mod/github.com/gin-gonic/gin@v1.11.0/context.go:192 [gin.(*Context).Next]
/Users/arivin29macmini/go/pkg/mod/github.com/goravel/gin@v1.17.0/context_request.go:230 [gin.(*ContextRequest).Next]
/Users/arivin29macmini/go/pkg/mod/github.com/goravel/gin@v1.17.0/middleware_tls.go:18 [gin.NewRoute.Tls.func3]
/Users/arivin29macmini/go/pkg/mod/github.com/goravel/gin@v1.17.0/utils.go:54 [gin.(*Route).init.middlewaresToGinHandlers.middlewareToGinHandler.func3]
/Users/arivin29macmini/go/pkg/mod/github.com/gin-gonic/gin@v1.11.0/context.go:192 [gin.(*Context).Next]
/Users/arivin29macmini/go/pkg/mod/github.com/goravel/gin@v1.17.0/context_request.go:230 [gin.(*ContextRequest).Next]
/Users/arivin29macmini/go/pkg/mod/github.com/goravel/gin@v1.17.0/middleware_cors.go:63 [gin.NewRoute.Cors.func2]
/Users/arivin29macmini/go/pkg/mod/github.com/goravel/gin@v1.17.0/utils.go:54 [gin.(*Route).init.middlewaresToGinHandlers.middlewareToGinHandler.func3]
/Users/arivin29macmini/go/pkg/mod/github.com/gin-gonic/gin@v1.11.0/context.go:192 [gin.(*Context).Next]
/Users/arivin29macmini/go/pkg/mod/github.com/goravel/gin@v1.17.0/context_request.go:230 [gin.(*ContextRequest).Next]
[2026-04-15 02:11:44.047] local.info: [23.236ms] [rows:1] SELECT * FROM "users" WHERE id = '00000000-0000-0000-0000-000000000099' ORDER BY "users"."id" LIMIT 1
[2026-04-15 02:11:44.057] local.info: [9.901ms] [rows:1] SELECT * FROM "user_roles" WHERE user_id = '00000000-0000-0000-0000-000000000099'
[2026-04-15 02:11:44.071] local.info: [13.790ms] [rows:1] SELECT * FROM "roles" WHERE id IN ('68c46dfb-a565-4938-99d7-9fdd0acf8a7e')
[2026-04-15 02:11:44.082] local.info: [10.394ms] [rows:45] SELECT * FROM "role_permissions" WHERE role_id IN ('68c46dfb-a565-4938-99d7-9fdd0acf8a7e')
[2026-04-15 02:11:44.091] local.info: [9.619ms] [rows:45] SELECT * FROM "permissions" WHERE id IN ('ab6da9f5-8b11-4644-9aaa-009b3b28a4ec','5daf3519-8949-4d26-b4bc-00c8b03f04fe','91166846-7ec1-42de-b134-ce141c3a9d7d','28c919a4-3744-4931-805a-a219892adbe3','789e0c77-5a0c-4ea7-a2e1-606803a6e2bd','6cd9d7a8-34ac-4740-9bc1-aa386ae6de38','8d2454fc-6567-46f9-8527-5843c7142e3c','cf81b7d4-096a-435a-b515-ad3f779199b8','82188518-37d9-45c0-9bca-b0d202cc9449','c01ff63f-6e93-4a78-8e50-87af96ab4a89','a14b8e8b-3f32-475f-8a47-5d33dab3042e','653cb315-36f1-4697-90e4-329900532da2','217d2f9d-5606-432f-99aa-bd6fb720b45f','328bd207-61d6-40ab-9d1d-bbe31ba63a3e','9b3cb586-a24f-4353-8c5a-6a860eba7357','a9280ee9-eb73-4cfb-8092-80f4c2cc5529','e225de9e-e14e-4219-a638-44d136be5613','46c78359-bdb4-421e-9182-d1d095921f20','b0aabdc2-3a7f-496c-a902-ee468671cf24','f4e500e8-45dd-4eeb-8b47-c97d832f18b2','00f63f53-4009-405a-9736-eff543475f78','31cb98ec-4d68-460a-8a6b-1566b0356cb5','29033b15-df4d-4afe-b261-d9f9d978215b','770de03c-008e-4352-915b-dbad46394b3e','386b4440-e446-4a4c-bbf2-2df0b3d482e7','764434f1-f401-4cec-b0a5-94c50e4c10bb','f8315a47-3595-4af7-afca-831deb36ae44','16b41fad-47bb-456e-818a-0e17a10696d3','7dba2974-eed0-4a24-8090-13ce49e8ae9c','2107c201-e779-4d54-b9d8-e77e63506727','540fda97-9bb5-45a3-8677-e5494a35f98d','8db21bed-0a56-4384-b989-46c85bf60a4a','b64fe46a-25b2-4780-b910-8897bab331d1','04b0026e-ed12-4e5e-85e2-1ed905581184','c4b26668-789f-4117-b9af-34719df71955','06cf74d1-3ae5-4aee-8048-5fab3132f2ba','5ce4a39b-7e40-4486-b5d7-7f910cb36590','b23b7eaa-6c87-413b-b144-42b7afafd4df','f033f831-0ad6-4654-b9cc-9ad6f8c92e8c','af282aaf-606b-4d5f-9ef8-070dc205befb','24c1e762-e92d-485c-ab51-7bd8574e8cb1','2d68eaae-a710-43ae-b278-b376f0865788','21fdd8fe-78d5-4ce1-ae83-7df1ebfc6f56','23922b05-5fbd-49fd-8f6e-3847cabd2503','5c53b1b4-f8e2-4bd1-a376-d983f799cf4b')
[2026-04-15 02:11:44.098] local.info: [73.466ms] [rows:1] SELECT * FROM "users" WHERE id = '00000000-0000-0000-0000-000000000099' ORDER BY "users"."id" LIMIT 1
[2026-04-15 02:11:44.098] local.info: [74.157ms] [rows:1] SELECT * FROM "users" WHERE id = '00000000-0000-0000-0000-000000000099' ORDER BY "users"."id" LIMIT 1
[2026-04-15 02:11:44.098] local.info: [73.621ms] [rows:1] SELECT * FROM "users" WHERE id = '00000000-0000-0000-0000-000000000099' ORDER BY "users"."id" LIMIT 1
[2026-04-15 02:11:44.101] local.info: [9.652ms] [rows:1] SELECT count(*) FROM "document_categories" WHERE deleted_at IS NULL
[2026-04-15 02:11:44.127] local.info: [25.838ms] [rows:1] SELECT * FROM "document_categories" WHERE deleted_at IS NULL ORDER BY sort_order asc, created_at desc LIMIT 20
[2026-04-15 02:11:44.143] local.info: [45.056ms] [rows:1] SELECT * FROM "user_roles" WHERE user_id = '00000000-0000-0000-0000-000000000099'
[2026-04-15 02:11:44.143] local.info: [45.335ms] [rows:1] SELECT * FROM "user_roles" WHERE user_id = '00000000-0000-0000-0000-000000000099'
[2026-04-15 02:11:44.143] local.info: [45.468ms] [rows:1] SELECT * FROM "user_roles" WHERE user_id = '00000000-0000-0000-0000-000000000099'
[2026-04-15 02:11:44.157] local.info: [13.707ms] [rows:1] SELECT * FROM "roles" WHERE id IN ('68c46dfb-a565-4938-99d7-9fdd0acf8a7e')
[2026-04-15 02:11:44.157] local.info: [13.684ms] [rows:1] SELECT * FROM "roles" WHERE id IN ('68c46dfb-a565-4938-99d7-9fdd0acf8a7e')
[2026-04-15 02:11:44.157] local.info: [13.771ms] [rows:1] SELECT * FROM "roles" WHERE id IN ('68c46dfb-a565-4938-99d7-9fdd0acf8a7e')
[2026-04-15 02:11:44.17] local.info: [12.912ms] [rows:45] SELECT * FROM "role_permissions" WHERE role_id IN ('68c46dfb-a565-4938-99d7-9fdd0acf8a7e')
[2026-04-15 02:11:44.171] local.info: [13.832ms] [rows:45] SELECT * FROM "role_permissions" WHERE role_id IN ('68c46dfb-a565-4938-99d7-9fdd0acf8a7e')
[2026-04-15 02:11:44.171] local.info: [13.623ms] [rows:45] SELECT * FROM "role_permissions" WHERE role_id IN ('68c46dfb-a565-4938-99d7-9fdd0acf8a7e')
[2026-04-15 02:11:44.183] local.info: [12.100ms] [rows:45] SELECT * FROM "permissions" WHERE id IN ('ab6da9f5-8b11-4644-9aaa-009b3b28a4ec','5daf3519-8949-4d26-b4bc-00c8b03f04fe','91166846-7ec1-42de-b134-ce141c3a9d7d','28c919a4-3744-4931-805a-a219892adbe3','789e0c77-5a0c-4ea7-a2e1-606803a6e2bd','6cd9d7a8-34ac-4740-9bc1-aa386ae6de38','8d2454fc-6567-46f9-8527-5843c7142e3c','cf81b7d4-096a-435a-b515-ad3f779199b8','82188518-37d9-45c0-9bca-b0d202cc9449','c01ff63f-6e93-4a78-8e50-87af96ab4a89','a14b8e8b-3f32-475f-8a47-5d33dab3042e','653cb315-36f1-4697-90e4-329900532da2','217d2f9d-5606-432f-99aa-bd6fb720b45f','328bd207-61d6-40ab-9d1d-bbe31ba63a3e','9b3cb586-a24f-4353-8c5a-6a860eba7357','a9280ee9-eb73-4cfb-8092-80f4c2cc5529','e225de9e-e14e-4219-a638-44d136be5613','46c78359-bdb4-421e-9182-d1d095921f20','b0aabdc2-3a7f-496c-a902-ee468671cf24','f4e500e8-45dd-4eeb-8b47-c97d832f18b2','00f63f53-4009-405a-9736-eff543475f78','31cb98ec-4d68-460a-8a6b-1566b0356cb5','29033b15-df4d-4afe-b261-d9f9d978215b','770de03c-008e-4352-915b-dbad46394b3e','386b4440-e446-4a4c-bbf2-2df0b3d482e7','764434f1-f401-4cec-b0a5-94c50e4c10bb','f8315a47-3595-4af7-afca-831deb36ae44','16b41fad-47bb-456e-818a-0e17a10696d3','7dba2974-eed0-4a24-8090-13ce49e8ae9c','2107c201-e779-4d54-b9d8-e77e63506727','540fda97-9bb5-45a3-8677-e5494a35f98d','8db21bed-0a56-4384-b989-46c85bf60a4a','b64fe46a-25b2-4780-b910-8897bab331d1','04b0026e-ed12-4e5e-85e2-1ed905581184','c4b26668-789f-4117-b9af-34719df71955','06cf74d1-3ae5-4aee-8048-5fab3132f2ba','5ce4a39b-7e40-4486-b5d7-7f910cb36590','b23b7eaa-6c87-413b-b144-42b7afafd4df','f033f831-0ad6-4654-b9cc-9ad6f8c92e8c','af282aaf-606b-4d5f-9ef8-070dc205befb','24c1e762-e92d-485c-ab51-7bd8574e8cb1','2d68eaae-a710-43ae-b278-b376f0865788','21fdd8fe-78d5-4ce1-ae83-7df1ebfc6f56','23922b05-5fbd-49fd-8f6e-3847cabd2503','5c53b1b4-f8e2-4bd1-a376-d983f799cf4b')
[2026-04-15 02:11:44.186] local.info: [15.638ms] [rows:45] SELECT * FROM "permissions" WHERE id IN ('ab6da9f5-8b11-4644-9aaa-009b3b28a4ec','5daf3519-8949-4d26-b4bc-00c8b03f04fe','91166846-7ec1-42de-b134-ce141c3a9d7d','28c919a4-3744-4931-805a-a219892adbe3','789e0c77-5a0c-4ea7-a2e1-606803a6e2bd','6cd9d7a8-34ac-4740-9bc1-aa386ae6de38','8d2454fc-6567-46f9-8527-5843c7142e3c','cf81b7d4-096a-435a-b515-ad3f779199b8','82188518-37d9-45c0-9bca-b0d202cc9449','c01ff63f-6e93-4a78-8e50-87af96ab4a89','a14b8e8b-3f32-475f-8a47-5d33dab3042e','653cb315-36f1-4697-90e4-329900532da2','217d2f9d-5606-432f-99aa-bd6fb720b45f','328bd207-61d6-40ab-9d1d-bbe31ba63a3e','9b3cb586-a24f-4353-8c5a-6a860eba7357','a9280ee9-eb73-4cfb-8092-80f4c2cc5529','e225de9e-e14e-4219-a638-44d136be5613','46c78359-bdb4-421e-9182-d1d095921f20','b0aabdc2-3a7f-496c-a902-ee468671cf24','f4e500e8-45dd-4eeb-8b47-c97d832f18b2','00f63f53-4009-405a-9736-eff543475f78','31cb98ec-4d68-460a-8a6b-1566b0356cb5','29033b15-df4d-4afe-b261-d9f9d978215b','770de03c-008e-4352-915b-dbad46394b3e','386b4440-e446-4a4c-bbf2-2df0b3d482e7','764434f1-f401-4cec-b0a5-94c50e4c10bb','f8315a47-3595-4af7-afca-831deb36ae44','16b41fad-47bb-456e-818a-0e17a10696d3','7dba2974-eed0-4a24-8090-13ce49e8ae9c','2107c201-e779-4d54-b9d8-e77e63506727','540fda97-9bb5-45a3-8677-e5494a35f98d','8db21bed-0a56-4384-b989-46c85bf60a4a','b64fe46a-25b2-4780-b910-8897bab331d1','04b0026e-ed12-4e5e-85e2-1ed905581184','c4b26668-789f-4117-b9af-34719df71955','06cf74d1-3ae5-4aee-8048-5fab3132f2ba','5ce4a39b-7e40-4486-b5d7-7f910cb36590','b23b7eaa-6c87-413b-b144-42b7afafd4df','f033f831-0ad6-4654-b9cc-9ad6f8c92e8c','af282aaf-606b-4d5f-9ef8-070dc205befb','24c1e762-e92d-485c-ab51-7bd8574e8cb1','2d68eaae-a710-43ae-b278-b376f0865788','21fdd8fe-78d5-4ce1-ae83-7df1ebfc6f56','23922b05-5fbd-49fd-8f6e-3847cabd2503','5c53b1b4-f8e2-4bd1-a376-d983f799cf4b')
[2026-04-15 02:11:44.187] local.info: [15.495ms] [rows:45] SELECT * FROM "permissions" WHERE id IN ('ab6da9f5-8b11-4644-9aaa-009b3b28a4ec','5daf3519-8949-4d26-b4bc-00c8b03f04fe','91166846-7ec1-42de-b134-ce141c3a9d7d','28c919a4-3744-4931-805a-a219892adbe3','789e0c77-5a0c-4ea7-a2e1-606803a6e2bd','6cd9d7a8-34ac-4740-9bc1-aa386ae6de38','8d2454fc-6567-46f9-8527-5843c7142e3c','cf81b7d4-096a-435a-b515-ad3f779199b8','82188518-37d9-45c0-9bca-b0d202cc9449','c01ff63f-6e93-4a78-8e50-87af96ab4a89','a14b8e8b-3f32-475f-8a47-5d33dab3042e','653cb315-36f1-4697-90e4-329900532da2','217d2f9d-5606-432f-99aa-bd6fb720b45f','328bd207-61d6-40ab-9d1d-bbe31ba63a3e','9b3cb586-a24f-4353-8c5a-6a860eba7357','a9280ee9-eb73-4cfb-8092-80f4c2cc5529','e225de9e-e14e-4219-a638-44d136be5613','46c78359-bdb4-421e-9182-d1d095921f20','b0aabdc2-3a7f-496c-a902-ee468671cf24','f4e500e8-45dd-4eeb-8b47-c97d832f18b2','00f63f53-4009-405a-9736-eff543475f78','31cb98ec-4d68-460a-8a6b-1566b0356cb5','29033b15-df4d-4afe-b261-d9f9d978215b','770de03c-008e-4352-915b-dbad46394b3e','386b4440-e446-4a4c-bbf2-2df0b3d482e7','764434f1-f401-4cec-b0a5-94c50e4c10bb','f8315a47-3595-4af7-afca-831deb36ae44','16b41fad-47bb-456e-818a-0e17a10696d3','7dba2974-eed0-4a24-8090-13ce49e8ae9c','2107c201-e779-4d54-b9d8-e77e63506727','540fda97-9bb5-45a3-8677-e5494a35f98d','8db21bed-0a56-4384-b989-46c85bf60a4a','b64fe46a-25b2-4780-b910-8897bab331d1','04b0026e-ed12-4e5e-85e2-1ed905581184','c4b26668-789f-4117-b9af-34719df71955','06cf74d1-3ae5-4aee-8048-5fab3132f2ba','5ce4a39b-7e40-4486-b5d7-7f910cb36590','b23b7eaa-6c87-413b-b144-42b7afafd4df','f033f831-0ad6-4654-b9cc-9ad6f8c92e8c','af282aaf-606b-4d5f-9ef8-070dc205befb','24c1e762-e92d-485c-ab51-7bd8574e8cb1','2d68eaae-a710-43ae-b278-b376f0865788','21fdd8fe-78d5-4ce1-ae83-7df1ebfc6f56','23922b05-5fbd-49fd-8f6e-3847cabd2503','5c53b1b4-f8e2-4bd1-a376-d983f799cf4b')
[2026-04-15 02:11:44.199] local.info: [11.440ms] [rows:1] SELECT count(*) FROM "document_types"
[2026-04-15 02:11:44.199] local.info: [14.894ms] [rows:1] SELECT count(*) FROM "document_templates" WHERE company_id = '00000000-0000-0000-0000-000000000001'
[2026-04-15 02:11:44.201] local.info: [14.303ms] [rows:1] SELECT count(*) FROM "documents" WHERE deleted_at IS NULL
[2026-04-15 02:11:44.209] local.info: [10.339ms] [rows:5] SELECT * FROM "document_types" ORDER BY sort_order asc, created_at desc LIMIT 20
[2026-04-15 02:11:44.22] local.info: [11.435ms] [rows:1] SELECT * FROM "document_categories" WHERE "document_categories"."id" = '1de6dcb1-c46b-466f-af65-bc4b8d75de05'
[2026-04-15 02:11:44.22] local.info: [11.253ms] [rows:1] SELECT * FROM "document_types" WHERE "document_types"."id" = '7367ca3d-eb1d-43dd-a115-cf3d2ceecdfa'
[2026-04-15 02:11:44.221] local.info: [21.611ms] [rows:1] SELECT * FROM "document_templates" WHERE company_id = '00000000-0000-0000-0000-000000000001' ORDER BY created_at desc LIMIT 20
[2026-04-15 02:11:44.24] local.info: [19.081ms] [rows:1] SELECT * FROM "users" WHERE "users"."id" = '00000000-0000-0000-0000-000000000099'
[2026-04-15 02:11:44.253] local.info: [12.790ms] [rows:1] SELECT * FROM "document_types" WHERE "document_types"."id" = '7367ca3d-eb1d-43dd-a115-cf3d2ceecdfa'
[2026-04-15 02:11:44.253] local.info: [51.826ms] [rows:1] SELECT * FROM "documents" WHERE deleted_at IS NULL ORDER BY created_at desc LIMIT 20
[2026-04-15 02:11:45.129] local.info: [24.987ms] [rows:1] SELECT * FROM "users" WHERE id = '00000000-0000-0000-0000-000000000099' ORDER BY "users"."id" LIMIT 1
[2026-04-15 02:11:45.149] local.info: [19.430ms] [rows:1] SELECT * FROM "user_roles" WHERE user_id = '00000000-0000-0000-0000-000000000099'
[2026-04-15 02:11:45.17] local.info: [21.427ms] [rows:1] SELECT * FROM "roles" WHERE id IN ('68c46dfb-a565-4938-99d7-9fdd0acf8a7e')
[2026-04-15 02:11:45.269] local.info: [98.135ms] [rows:45] SELECT * FROM "role_permissions" WHERE role_id IN ('68c46dfb-a565-4938-99d7-9fdd0acf8a7e')
[2026-04-15 02:11:45.299] local.info: [29.819ms] [rows:45] SELECT * FROM "permissions" WHERE id IN ('ab6da9f5-8b11-4644-9aaa-009b3b28a4ec','5daf3519-8949-4d26-b4bc-00c8b03f04fe','91166846-7ec1-42de-b134-ce141c3a9d7d','28c919a4-3744-4931-805a-a219892adbe3','789e0c77-5a0c-4ea7-a2e1-606803a6e2bd','6cd9d7a8-34ac-4740-9bc1-aa386ae6de38','8d2454fc-6567-46f9-8527-5843c7142e3c','cf81b7d4-096a-435a-b515-ad3f779199b8','82188518-37d9-45c0-9bca-b0d202cc9449','c01ff63f-6e93-4a78-8e50-87af96ab4a89','a14b8e8b-3f32-475f-8a47-5d33dab3042e','653cb315-36f1-4697-90e4-329900532da2','217d2f9d-5606-432f-99aa-bd6fb720b45f','328bd207-61d6-40ab-9d1d-bbe31ba63a3e','9b3cb586-a24f-4353-8c5a-6a860eba7357','a9280ee9-eb73-4cfb-8092-80f4c2cc5529','e225de9e-e14e-4219-a638-44d136be5613','46c78359-bdb4-421e-9182-d1d095921f20','b0aabdc2-3a7f-496c-a902-ee468671cf24','f4e500e8-45dd-4eeb-8b47-c97d832f18b2','00f63f53-4009-405a-9736-eff543475f78','31cb98ec-4d68-460a-8a6b-1566b0356cb5','29033b15-df4d-4afe-b261-d9f9d978215b','770de03c-008e-4352-915b-dbad46394b3e','386b4440-e446-4a4c-bbf2-2df0b3d482e7','764434f1-f401-4cec-b0a5-94c50e4c10bb','f8315a47-3595-4af7-afca-831deb36ae44','16b41fad-47bb-456e-818a-0e17a10696d3','7dba2974-eed0-4a24-8090-13ce49e8ae9c','2107c201-e779-4d54-b9d8-e77e63506727','540fda97-9bb5-45a3-8677-e5494a35f98d','8db21bed-0a56-4384-b989-46c85bf60a4a','b64fe46a-25b2-4780-b910-8897bab331d1','04b0026e-ed12-4e5e-85e2-1ed905581184','c4b26668-789f-4117-b9af-34719df71955','06cf74d1-3ae5-4aee-8048-5fab3132f2ba','5ce4a39b-7e40-4486-b5d7-7f910cb36590','b23b7eaa-6c87-413b-b144-42b7afafd4df','f033f831-0ad6-4654-b9cc-9ad6f8c92e8c','af282aaf-606b-4d5f-9ef8-070dc205befb','24c1e762-e92d-485c-ab51-7bd8574e8cb1','2d68eaae-a710-43ae-b278-b376f0865788','21fdd8fe-78d5-4ce1-ae83-7df1ebfc6f56','23922b05-5fbd-49fd-8f6e-3847cabd2503','5c53b1b4-f8e2-4bd1-a376-d983f799cf4b')
[2026-04-15 02:11:45.319] local.info: [18.889ms] [rows:1] SELECT count(*) FROM "document_templates" WHERE company_id = '00000000-0000-0000-0000-000000000001'
[2026-04-15 02:11:45.379] local.info: [39.895ms] [rows:1] SELECT * FROM "document_types" WHERE "document_types"."id" = '7367ca3d-eb1d-43dd-a115-cf3d2ceecdfa'
[2026-04-15 02:11:45.379] local.info: [60.124ms] [rows:1] SELECT * FROM "document_templates" WHERE company_id = '00000000-0000-0000-0000-000000000001' ORDER BY created_at desc LIMIT 20
[2026-04-15 02:11:50.359] local.info: [44.295ms] [rows:1] SELECT * FROM "users" WHERE id = '00000000-0000-0000-0000-000000000099' ORDER BY "users"."id" LIMIT 1
[2026-04-15 02:11:50.378] local.info: [19.507ms] [rows:1] SELECT * FROM "user_roles" WHERE user_id = '00000000-0000-0000-0000-000000000099'
[2026-04-15 02:11:50.409] local.info: [30.093ms] [rows:1] SELECT * FROM "roles" WHERE id IN ('68c46dfb-a565-4938-99d7-9fdd0acf8a7e')
[2026-04-15 02:11:50.429] local.info: [19.452ms] [rows:45] SELECT * FROM "role_permissions" WHERE role_id IN ('68c46dfb-a565-4938-99d7-9fdd0acf8a7e')
[2026-04-15 02:11:50.459] local.info: [29.885ms] [rows:45] SELECT * FROM "permissions" WHERE id IN ('ab6da9f5-8b11-4644-9aaa-009b3b28a4ec','5daf3519-8949-4d26-b4bc-00c8b03f04fe','91166846-7ec1-42de-b134-ce141c3a9d7d','28c919a4-3744-4931-805a-a219892adbe3','789e0c77-5a0c-4ea7-a2e1-606803a6e2bd','6cd9d7a8-34ac-4740-9bc1-aa386ae6de38','8d2454fc-6567-46f9-8527-5843c7142e3c','cf81b7d4-096a-435a-b515-ad3f779199b8','82188518-37d9-45c0-9bca-b0d202cc9449','c01ff63f-6e93-4a78-8e50-87af96ab4a89','a14b8e8b-3f32-475f-8a47-5d33dab3042e','653cb315-36f1-4697-90e4-329900532da2','217d2f9d-5606-432f-99aa-bd6fb720b45f','328bd207-61d6-40ab-9d1d-bbe31ba63a3e','9b3cb586-a24f-4353-8c5a-6a860eba7357','a9280ee9-eb73-4cfb-8092-80f4c2cc5529','e225de9e-e14e-4219-a638-44d136be5613','46c78359-bdb4-421e-9182-d1d095921f20','b0aabdc2-3a7f-496c-a902-ee468671cf24','f4e500e8-45dd-4eeb-8b47-c97d832f18b2','00f63f53-4009-405a-9736-eff543475f78','31cb98ec-4d68-460a-8a6b-1566b0356cb5','29033b15-df4d-4afe-b261-d9f9d978215b','770de03c-008e-4352-915b-dbad46394b3e','386b4440-e446-4a4c-bbf2-2df0b3d482e7','764434f1-f401-4cec-b0a5-94c50e4c10bb','f8315a47-3595-4af7-afca-831deb36ae44','16b41fad-47bb-456e-818a-0e17a10696d3','7dba2974-eed0-4a24-8090-13ce49e8ae9c','2107c201-e779-4d54-b9d8-e77e63506727','540fda97-9bb5-45a3-8677-e5494a35f98d','8db21bed-0a56-4384-b989-46c85bf60a4a','b64fe46a-25b2-4780-b910-8897bab331d1','04b0026e-ed12-4e5e-85e2-1ed905581184','c4b26668-789f-4117-b9af-34719df71955','06cf74d1-3ae5-4aee-8048-5fab3132f2ba','5ce4a39b-7e40-4486-b5d7-7f910cb36590','b23b7eaa-6c87-413b-b144-42b7afafd4df','f033f831-0ad6-4654-b9cc-9ad6f8c92e8c','af282aaf-606b-4d5f-9ef8-070dc205befb','24c1e762-e92d-485c-ab51-7bd8574e8cb1','2d68eaae-a710-43ae-b278-b376f0865788','21fdd8fe-78d5-4ce1-ae83-7df1ebfc6f56','23922b05-5fbd-49fd-8f6e-3847cabd2503','5c53b1b4-f8e2-4bd1-a376-d983f799cf4b')
[2026-04-15 02:11:50.489] local.error: [29.049ms] [rows:0] SELECT * FROM "documents" WHERE id = 'create' AND deleted_at IS NULL ORDER BY "documents"."id" LIMIT 1	ERROR: invalid input syntax for type uuid: "create" (SQLSTATE 22P02)
[Trace] /Users/arivin29macmini/go/pkg/mod/github.com/goravel/framework@v1.17.2/log/writer.go:202 [log.(*Writer).withStackTrace]
/Users/arivin29macmini/go/pkg/mod/github.com/goravel/framework@v1.17.2/log/writer.go:65 [log.(*Writer).Errorf]
/Users/arivin29macmini/go/pkg/mod/github.com/goravel/framework@v1.17.2/database/db/logger.go:79 [db.(*Logger).Errorf]
/Users/arivin29macmini/go/pkg/mod/github.com/goravel/framework@v1.17.2/database/db/logger.go:102 [db.(*Logger).Trace]
/Users/arivin29macmini/go/pkg/mod/github.com/goravel/framework@v1.17.2/database/db/logger.go:153 [db.(*Gorm).Trace]
/Users/arivin29macmini/go/pkg/mod/gorm.io/gorm@v1.31.1/callbacks.go:140 [gorm.(*processor).Execute]
/Users/arivin29macmini/go/pkg/mod/gorm.io/gorm@v1.31.1/finisher_api.go:131 [gorm.(*DB).First]
/Users/arivin29macmini/go/pkg/mod/github.com/goravel/framework@v1.17.2/database/gorm/query.go:299 [gorm.(*Query).First]
/Users/arivin29macmini/Documents/DEVETEK/BMS/dms/app/repositories/document_repository.go:188 [repositories.(*documentRepository).FindByIDWithRelations]
/Users/arivin29macmini/Documents/DEVETEK/BMS/dms/app/services/document_service.go:90 [services.(*DocumentService).GetByID]
/Users/arivin29macmini/Documents/DEVETEK/BMS/dms/app/http/controllers/document_controller.go:87 [controllers.(*DocumentController).Show]
/Users/arivin29macmini/go/pkg/mod/github.com/goravel/gin@v1.17.0/utils.go:37 [gin.(*Group).Get.handlerToGinHandler.func1]
/Users/arivin29macmini/go/pkg/mod/github.com/gin-gonic/gin@v1.11.0/context.go:192 [gin.(*Context).Next]
/Users/arivin29macmini/go/pkg/mod/github.com/goravel/gin@v1.17.0/context_request.go:230 [gin.(*ContextRequest).Next]
/Users/arivin29macmini/go/pkg/mod/github.com/goravel/gin@v1.17.0/context_response.go:157 [gin.(*Route).init.ResponseMiddleware.func2]
/Users/arivin29macmini/go/pkg/mod/github.com/goravel/gin@v1.17.0/utils.go:54 [gin.(*Group).WithMiddlewares.middlewaresToGinHandlers.middlewareToGinHandler.func1]
/Users/arivin29macmini/go/pkg/mod/github.com/gin-gonic/gin@v1.11.0/context.go:192 [gin.(*Context).Next]
/Users/arivin29macmini/go/pkg/mod/github.com/goravel/gin@v1.17.0/context_request.go:230 [gin.(*ContextRequest).Next]
/Users/arivin29macmini/Documents/DEVETEK/BMS/dms/app/http/middleware/rbac.go:30 [routes.Api.func2.2.RequirePermission.71]
/Users/arivin29macmini/go/pkg/mod/github.com/goravel/gin@v1.17.0/utils.go:54 [gin.(*Group).WithMiddlewares.middlewaresToGinHandlers.middlewareToGinHandler.func1]
/Users/arivin29macmini/go/pkg/mod/github.com/gin-gonic/gin@v1.11.0/context.go:192 [gin.(*Context).Next]
/Users/arivin29macmini/go/pkg/mod/github.com/goravel/gin@v1.17.0/context_request.go:230 [gin.(*ContextRequest).Next]
/Users/arivin29macmini/Documents/DEVETEK/BMS/dms/app/http/middleware/scope.go:63 [routes.Api.func2.DataScope.5]
/Users/arivin29macmini/go/pkg/mod/github.com/goravel/gin@v1.17.0/utils.go:54 [gin.(*Group).WithMiddlewares.middlewaresToGinHandlers.middlewareToGinHandler.func1]
/Users/arivin29macmini/go/pkg/mod/github.com/gin-gonic/gin@v1.11.0/context.go:192 [gin.(*Context).Next]
/Users/arivin29macmini/go/pkg/mod/github.com/goravel/gin@v1.17.0/context_request.go:230 [gin.(*ContextRequest).Next]
/Users/arivin29macmini/Documents/DEVETEK/BMS/dms/app/http/middleware/auth.go:50 [routes.Api.func2.Auth.4]
/Users/arivin29macmini/go/pkg/mod/github.com/goravel/gin@v1.17.0/utils.go:54 [gin.(*Group).WithMiddlewares.middlewaresToGinHandlers.middlewareToGinHandler.func1]
/Users/arivin29macmini/go/pkg/mod/github.com/gin-gonic/gin@v1.11.0/context.go:192 [gin.(*Context).Next]
/Users/arivin29macmini/go/pkg/mod/github.com/goravel/gin@v1.17.0/context_request.go:230 [gin.(*ContextRequest).Next]
/Users/arivin29macmini/Documents/DEVETEK/BMS/dms/app/http/middleware/cors.go:27 [routes.Api.Cors.func5]
/Users/arivin29macmini/go/pkg/mod/github.com/goravel/gin@v1.17.0/utils.go:54 [gin.(*Group).WithMiddlewares.middlewaresToGinHandlers.middlewareToGinHandler.func1]
/Users/arivin29macmini/go/pkg/mod/github.com/gin-gonic/gin@v1.11.0/context.go:192 [gin.(*Context).Next]
/Users/arivin29macmini/go/pkg/mod/github.com/goravel/gin@v1.17.0/context_request.go:230 [gin.(*ContextRequest).Next]
/Users/arivin29macmini/go/pkg/mod/github.com/goravel/gin@v1.17.0/middleware_tls.go:18 [gin.NewRoute.Tls.func3]
/Users/arivin29macmini/go/pkg/mod/github.com/goravel/gin@v1.17.0/utils.go:54 [gin.(*Route).init.middlewaresToGinHandlers.middlewareToGinHandler.func3]
/Users/arivin29macmini/go/pkg/mod/github.com/gin-gonic/gin@v1.11.0/context.go:192 [gin.(*Context).Next]
/Users/arivin29macmini/go/pkg/mod/github.com/goravel/gin@v1.17.0/context_request.go:230 [gin.(*ContextRequest).Next]
/Users/arivin29macmini/go/pkg/mod/github.com/goravel/gin@v1.17.0/middleware_cors.go:63 [gin.NewRoute.Cors.func2]
/Users/arivin29macmini/go/pkg/mod/github.com/goravel/gin@v1.17.0/utils.go:54 [gin.(*Route).init.middlewaresToGinHandlers.middlewareToGinHandler.func3]
/Users/arivin29macmini/go/pkg/mod/github.com/gin-gonic/gin@v1.11.0/context.go:192 [gin.(*Context).Next]
/Users/arivin29macmini/go/pkg/mod/github.com/goravel/gin@v1.17.0/context_request.go:230 [gin.(*ContextRequest).Next]
[2026-04-15 02:15:49.612] local.info: [57.410ms] [rows:1] SELECT * FROM "users" WHERE "email" = 'admin@askara.com' ORDER BY "users"."id" LIMIT 1
[2026-04-15 02:15:49.692] local.info: [29.130ms] [rows:1] SELECT * FROM "user_roles" WHERE user_id = '00000000-0000-0000-0000-000000000099'
[2026-04-15 02:15:49.712] local.info: [19.771ms] [rows:1] SELECT * FROM "roles" WHERE id IN ('68c46dfb-a565-4938-99d7-9fdd0acf8a7e')
[2026-04-15 02:15:49.732] local.info: [19.953ms] [rows:45] SELECT "role_permissions"."permission_id" FROM "role_permissions" WHERE role_id = '68c46dfb-a565-4938-99d7-9fdd0acf8a7e'
[2026-04-15 02:15:49.752] local.info: [19.903ms] [rows:45] SELECT * FROM "permissions" WHERE id IN ('ab6da9f5-8b11-4644-9aaa-009b3b28a4ec','5daf3519-8949-4d26-b4bc-00c8b03f04fe','91166846-7ec1-42de-b134-ce141c3a9d7d','28c919a4-3744-4931-805a-a219892adbe3','789e0c77-5a0c-4ea7-a2e1-606803a6e2bd','6cd9d7a8-34ac-4740-9bc1-aa386ae6de38','8d2454fc-6567-46f9-8527-5843c7142e3c','cf81b7d4-096a-435a-b515-ad3f779199b8','82188518-37d9-45c0-9bca-b0d202cc9449','c01ff63f-6e93-4a78-8e50-87af96ab4a89','a14b8e8b-3f32-475f-8a47-5d33dab3042e','653cb315-36f1-4697-90e4-329900532da2','217d2f9d-5606-432f-99aa-bd6fb720b45f','328bd207-61d6-40ab-9d1d-bbe31ba63a3e','9b3cb586-a24f-4353-8c5a-6a860eba7357','a9280ee9-eb73-4cfb-8092-80f4c2cc5529','e225de9e-e14e-4219-a638-44d136be5613','46c78359-bdb4-421e-9182-d1d095921f20','b0aabdc2-3a7f-496c-a902-ee468671cf24','f4e500e8-45dd-4eeb-8b47-c97d832f18b2','00f63f53-4009-405a-9736-eff543475f78','31cb98ec-4d68-460a-8a6b-1566b0356cb5','29033b15-df4d-4afe-b261-d9f9d978215b','770de03c-008e-4352-915b-dbad46394b3e','386b4440-e446-4a4c-bbf2-2df0b3d482e7','764434f1-f401-4cec-b0a5-94c50e4c10bb','f8315a47-3595-4af7-afca-831deb36ae44','16b41fad-47bb-456e-818a-0e17a10696d3','7dba2974-eed0-4a24-8090-13ce49e8ae9c','2107c201-e779-4d54-b9d8-e77e63506727','540fda97-9bb5-45a3-8677-e5494a35f98d','8db21bed-0a56-4384-b989-46c85bf60a4a','b64fe46a-25b2-4780-b910-8897bab331d1','04b0026e-ed12-4e5e-85e2-1ed905581184','c4b26668-789f-4117-b9af-34719df71955','06cf74d1-3ae5-4aee-8048-5fab3132f2ba','5ce4a39b-7e40-4486-b5d7-7f910cb36590','b23b7eaa-6c87-413b-b144-42b7afafd4df','f033f831-0ad6-4654-b9cc-9ad6f8c92e8c','af282aaf-606b-4d5f-9ef8-070dc205befb','24c1e762-e92d-485c-ab51-7bd8574e8cb1','2d68eaae-a710-43ae-b278-b376f0865788','21fdd8fe-78d5-4ce1-ae83-7df1ebfc6f56','23922b05-5fbd-49fd-8f6e-3847cabd2503','5c53b1b4-f8e2-4bd1-a376-d983f799cf4b')
[2026-04-15 02:15:49.792] local.info: [40.048ms] [rows:1] UPDATE "users" SET "last_login_at"='2026-04-15 09:15:49.752',"updated_at"='2026-04-15 02:15:49.752' WHERE "id" = '00000000-0000-0000-0000-000000000099'
[2026-04-15 02:15:49.832] local.info: [39.298ms] [rows:1] UPDATE "users" SET "last_login_ip"='127.0.0.1',"updated_at"='2026-04-15 02:15:49.792' WHERE "id" = '00000000-0000-0000-0000-000000000099'
[2026-04-15 02:15:49.852] local.info: [20.211ms] [rows:1] SELECT * FROM "companies" WHERE id = '00000000-0000-0000-0000-000000000001' ORDER BY "companies"."id" LIMIT 1
[2026-04-15 02:15:49.872] local.info: [19.655ms] [rows:1] SELECT * FROM "offices" WHERE id = '00000000-0000-0000-0000-000000000002' ORDER BY "offices"."id" LIMIT 1
[2026-04-15 02:15:49.892] local.info: [20.467ms] [rows:1] SELECT * FROM "departments" WHERE id = '00000000-0000-0000-0000-000000000003' ORDER BY "departments"."id" LIMIT 1
[2026-04-15 02:56:28.814] local.info: [45.994ms] [rows:1] SELECT * FROM "users" WHERE id = '00000000-0000-0000-0000-000000000099' ORDER BY "users"."id" LIMIT 1
[2026-04-15 02:56:28.834] local.info: [20.157ms] [rows:1] SELECT * FROM "user_roles" WHERE user_id = '00000000-0000-0000-0000-000000000099'
[2026-04-15 02:56:28.863] local.info: [29.446ms] [rows:1] SELECT * FROM "roles" WHERE id IN ('68c46dfb-a565-4938-99d7-9fdd0acf8a7e')
[2026-04-15 02:56:28.914] local.info: [50.279ms] [rows:45] SELECT * FROM "role_permissions" WHERE role_id IN ('68c46dfb-a565-4938-99d7-9fdd0acf8a7e')
[2026-04-15 02:56:28.934] local.info: [19.844ms] [rows:45] SELECT * FROM "permissions" WHERE id IN ('ab6da9f5-8b11-4644-9aaa-009b3b28a4ec','5daf3519-8949-4d26-b4bc-00c8b03f04fe','91166846-7ec1-42de-b134-ce141c3a9d7d','28c919a4-3744-4931-805a-a219892adbe3','789e0c77-5a0c-4ea7-a2e1-606803a6e2bd','6cd9d7a8-34ac-4740-9bc1-aa386ae6de38','8d2454fc-6567-46f9-8527-5843c7142e3c','cf81b7d4-096a-435a-b515-ad3f779199b8','82188518-37d9-45c0-9bca-b0d202cc9449','c01ff63f-6e93-4a78-8e50-87af96ab4a89','a14b8e8b-3f32-475f-8a47-5d33dab3042e','653cb315-36f1-4697-90e4-329900532da2','217d2f9d-5606-432f-99aa-bd6fb720b45f','328bd207-61d6-40ab-9d1d-bbe31ba63a3e','9b3cb586-a24f-4353-8c5a-6a860eba7357','a9280ee9-eb73-4cfb-8092-80f4c2cc5529','e225de9e-e14e-4219-a638-44d136be5613','46c78359-bdb4-421e-9182-d1d095921f20','b0aabdc2-3a7f-496c-a902-ee468671cf24','f4e500e8-45dd-4eeb-8b47-c97d832f18b2','00f63f53-4009-405a-9736-eff543475f78','31cb98ec-4d68-460a-8a6b-1566b0356cb5','29033b15-df4d-4afe-b261-d9f9d978215b','770de03c-008e-4352-915b-dbad46394b3e','386b4440-e446-4a4c-bbf2-2df0b3d482e7','764434f1-f401-4cec-b0a5-94c50e4c10bb','f8315a47-3595-4af7-afca-831deb36ae44','16b41fad-47bb-456e-818a-0e17a10696d3','7dba2974-eed0-4a24-8090-13ce49e8ae9c','2107c201-e779-4d54-b9d8-e77e63506727','540fda97-9bb5-45a3-8677-e5494a35f98d','8db21bed-0a56-4384-b989-46c85bf60a4a','b64fe46a-25b2-4780-b910-8897bab331d1','04b0026e-ed12-4e5e-85e2-1ed905581184','c4b26668-789f-4117-b9af-34719df71955','06cf74d1-3ae5-4aee-8048-5fab3132f2ba','5ce4a39b-7e40-4486-b5d7-7f910cb36590','b23b7eaa-6c87-413b-b144-42b7afafd4df','f033f831-0ad6-4654-b9cc-9ad6f8c92e8c','af282aaf-606b-4d5f-9ef8-070dc205befb','24c1e762-e92d-485c-ab51-7bd8574e8cb1','2d68eaae-a710-43ae-b278-b376f0865788','21fdd8fe-78d5-4ce1-ae83-7df1ebfc6f56','23922b05-5fbd-49fd-8f6e-3847cabd2503','5c53b1b4-f8e2-4bd1-a376-d983f799cf4b')
[2026-04-15 02:56:28.964] local.error: [29.694ms] [rows:0] SELECT * FROM "documents" WHERE id = 'my' AND deleted_at IS NULL ORDER BY "documents"."id" LIMIT 1	ERROR: invalid input syntax for type uuid: "my" (SQLSTATE 22P02)
[Trace] /Users/arivin29macmini/go/pkg/mod/github.com/goravel/framework@v1.17.2/log/writer.go:202 [log.(*Writer).withStackTrace]
/Users/arivin29macmini/go/pkg/mod/github.com/goravel/framework@v1.17.2/log/writer.go:65 [log.(*Writer).Errorf]
/Users/arivin29macmini/go/pkg/mod/github.com/goravel/framework@v1.17.2/database/db/logger.go:79 [db.(*Logger).Errorf]
/Users/arivin29macmini/go/pkg/mod/github.com/goravel/framework@v1.17.2/database/db/logger.go:102 [db.(*Logger).Trace]
/Users/arivin29macmini/go/pkg/mod/github.com/goravel/framework@v1.17.2/database/db/logger.go:153 [db.(*Gorm).Trace]
/Users/arivin29macmini/go/pkg/mod/gorm.io/gorm@v1.31.1/callbacks.go:140 [gorm.(*processor).Execute]
/Users/arivin29macmini/go/pkg/mod/gorm.io/gorm@v1.31.1/finisher_api.go:131 [gorm.(*DB).First]
/Users/arivin29macmini/go/pkg/mod/github.com/goravel/framework@v1.17.2/database/gorm/query.go:299 [gorm.(*Query).First]
/Users/arivin29macmini/Documents/DEVETEK/BMS/dms/app/repositories/document_repository.go:188 [repositories.(*documentRepository).FindByIDWithRelations]
/Users/arivin29macmini/Documents/DEVETEK/BMS/dms/app/services/document_service.go:90 [services.(*DocumentService).GetByID]
/Users/arivin29macmini/Documents/DEVETEK/BMS/dms/app/http/controllers/document_controller.go:87 [controllers.(*DocumentController).Show]
/Users/arivin29macmini/go/pkg/mod/github.com/goravel/gin@v1.17.0/utils.go:37 [gin.(*Group).Get.handlerToGinHandler.func1]
/Users/arivin29macmini/go/pkg/mod/github.com/gin-gonic/gin@v1.11.0/context.go:192 [gin.(*Context).Next]
/Users/arivin29macmini/go/pkg/mod/github.com/goravel/gin@v1.17.0/context_request.go:230 [gin.(*ContextRequest).Next]
/Users/arivin29macmini/go/pkg/mod/github.com/goravel/gin@v1.17.0/context_response.go:157 [gin.(*Route).init.ResponseMiddleware.func2]
/Users/arivin29macmini/go/pkg/mod/github.com/goravel/gin@v1.17.0/utils.go:54 [gin.(*Group).WithMiddlewares.middlewaresToGinHandlers.middlewareToGinHandler.func1]
/Users/arivin29macmini/go/pkg/mod/github.com/gin-gonic/gin@v1.11.0/context.go:192 [gin.(*Context).Next]
/Users/arivin29macmini/go/pkg/mod/github.com/goravel/gin@v1.17.0/context_request.go:230 [gin.(*ContextRequest).Next]
/Users/arivin29macmini/Documents/DEVETEK/BMS/dms/app/http/middleware/rbac.go:30 [routes.Api.func2.2.RequirePermission.71]
/Users/arivin29macmini/go/pkg/mod/github.com/goravel/gin@v1.17.0/utils.go:54 [gin.(*Group).WithMiddlewares.middlewaresToGinHandlers.middlewareToGinHandler.func1]
/Users/arivin29macmini/go/pkg/mod/github.com/gin-gonic/gin@v1.11.0/context.go:192 [gin.(*Context).Next]
/Users/arivin29macmini/go/pkg/mod/github.com/goravel/gin@v1.17.0/context_request.go:230 [gin.(*ContextRequest).Next]
/Users/arivin29macmini/Documents/DEVETEK/BMS/dms/app/http/middleware/scope.go:63 [routes.Api.func2.DataScope.5]
/Users/arivin29macmini/go/pkg/mod/github.com/goravel/gin@v1.17.0/utils.go:54 [gin.(*Group).WithMiddlewares.middlewaresToGinHandlers.middlewareToGinHandler.func1]
/Users/arivin29macmini/go/pkg/mod/github.com/gin-gonic/gin@v1.11.0/context.go:192 [gin.(*Context).Next]
/Users/arivin29macmini/go/pkg/mod/github.com/goravel/gin@v1.17.0/context_request.go:230 [gin.(*ContextRequest).Next]
/Users/arivin29macmini/Documents/DEVETEK/BMS/dms/app/http/middleware/auth.go:50 [routes.Api.func2.Auth.4]
/Users/arivin29macmini/go/pkg/mod/github.com/goravel/gin@v1.17.0/utils.go:54 [gin.(*Group).WithMiddlewares.middlewaresToGinHandlers.middlewareToGinHandler.func1]
/Users/arivin29macmini/go/pkg/mod/github.com/gin-gonic/gin@v1.11.0/context.go:192 [gin.(*Context).Next]
/Users/arivin29macmini/go/pkg/mod/github.com/goravel/gin@v1.17.0/context_request.go:230 [gin.(*ContextRequest).Next]
/Users/arivin29macmini/Documents/DEVETEK/BMS/dms/app/http/middleware/cors.go:27 [routes.Api.Cors.func5]
/Users/arivin29macmini/go/pkg/mod/github.com/goravel/gin@v1.17.0/utils.go:54 [gin.(*Group).WithMiddlewares.middlewaresToGinHandlers.middlewareToGinHandler.func1]
/Users/arivin29macmini/go/pkg/mod/github.com/gin-gonic/gin@v1.11.0/context.go:192 [gin.(*Context).Next]
/Users/arivin29macmini/go/pkg/mod/github.com/goravel/gin@v1.17.0/context_request.go:230 [gin.(*ContextRequest).Next]
/Users/arivin29macmini/go/pkg/mod/github.com/goravel/gin@v1.17.0/middleware_tls.go:18 [gin.NewRoute.Tls.func3]
/Users/arivin29macmini/go/pkg/mod/github.com/goravel/gin@v1.17.0/utils.go:54 [gin.(*Route).init.middlewaresToGinHandlers.middlewareToGinHandler.func3]
/Users/arivin29macmini/go/pkg/mod/github.com/gin-gonic/gin@v1.11.0/context.go:192 [gin.(*Context).Next]
/Users/arivin29macmini/go/pkg/mod/github.com/goravel/gin@v1.17.0/context_request.go:230 [gin.(*ContextRequest).Next]
/Users/arivin29macmini/go/pkg/mod/github.com/goravel/gin@v1.17.0/middleware_cors.go:63 [gin.NewRoute.Cors.func2]
/Users/arivin29macmini/go/pkg/mod/github.com/goravel/gin@v1.17.0/utils.go:54 [gin.(*Route).init.middlewaresToGinHandlers.middlewareToGinHandler.func3]
/Users/arivin29macmini/go/pkg/mod/github.com/gin-gonic/gin@v1.11.0/context.go:192 [gin.(*Context).Next]
/Users/arivin29macmini/go/pkg/mod/github.com/goravel/gin@v1.17.0/context_request.go:230 [gin.(*ContextRequest).Next]
[2026-04-15 02:56:31.253] local.info: [29.077ms] [rows:1] SELECT * FROM "users" WHERE id = '00000000-0000-0000-0000-000000000099' ORDER BY "users"."id" LIMIT 1
[2026-04-15 02:56:31.253] local.info: [29.485ms] [rows:1] SELECT * FROM "users" WHERE id = '00000000-0000-0000-0000-000000000099' ORDER BY "users"."id" LIMIT 1
[2026-04-15 02:56:31.273] local.info: [42.078ms] [rows:1] SELECT * FROM "users" WHERE id = '00000000-0000-0000-0000-000000000099' ORDER BY "users"."id" LIMIT 1
[2026-04-15 02:56:31.273] local.info: [19.955ms] [rows:1] SELECT * FROM "user_roles" WHERE user_id = '00000000-0000-0000-0000-000000000099'
[2026-04-15 02:56:31.274] local.info: [19.982ms] [rows:1] SELECT * FROM "user_roles" WHERE user_id = '00000000-0000-0000-0000-000000000099'
[2026-04-15 02:56:31.293] local.info: [19.705ms] [rows:1] SELECT * FROM "roles" WHERE id IN ('68c46dfb-a565-4938-99d7-9fdd0acf8a7e')
[2026-04-15 02:56:31.293] local.info: [20.071ms] [rows:1] SELECT * FROM "user_roles" WHERE user_id = '00000000-0000-0000-0000-000000000099'
[2026-04-15 02:56:31.294] local.info: [19.984ms] [rows:1] SELECT * FROM "roles" WHERE id IN ('68c46dfb-a565-4938-99d7-9fdd0acf8a7e')
[2026-04-15 02:56:31.301] local.info: [7.370ms] [rows:1] SELECT * FROM "roles" WHERE id IN ('68c46dfb-a565-4938-99d7-9fdd0acf8a7e')
[2026-04-15 02:56:31.312] local.info: [18.623ms] [rows:45] SELECT * FROM "role_permissions" WHERE role_id IN ('68c46dfb-a565-4938-99d7-9fdd0acf8a7e')
[2026-04-15 02:56:31.313] local.info: [19.715ms] [rows:45] SELECT * FROM "role_permissions" WHERE role_id IN ('68c46dfb-a565-4938-99d7-9fdd0acf8a7e')
[2026-04-15 02:56:31.319] local.info: [18.281ms] [rows:45] SELECT * FROM "role_permissions" WHERE role_id IN ('68c46dfb-a565-4938-99d7-9fdd0acf8a7e')
[2026-04-15 02:56:31.321] local.info: [8.597ms] [rows:45] SELECT * FROM "permissions" WHERE id IN ('ab6da9f5-8b11-4644-9aaa-009b3b28a4ec','5daf3519-8949-4d26-b4bc-00c8b03f04fe','91166846-7ec1-42de-b134-ce141c3a9d7d','28c919a4-3744-4931-805a-a219892adbe3','789e0c77-5a0c-4ea7-a2e1-606803a6e2bd','6cd9d7a8-34ac-4740-9bc1-aa386ae6de38','8d2454fc-6567-46f9-8527-5843c7142e3c','cf81b7d4-096a-435a-b515-ad3f779199b8','82188518-37d9-45c0-9bca-b0d202cc9449','c01ff63f-6e93-4a78-8e50-87af96ab4a89','a14b8e8b-3f32-475f-8a47-5d33dab3042e','653cb315-36f1-4697-90e4-329900532da2','217d2f9d-5606-432f-99aa-bd6fb720b45f','328bd207-61d6-40ab-9d1d-bbe31ba63a3e','9b3cb586-a24f-4353-8c5a-6a860eba7357','a9280ee9-eb73-4cfb-8092-80f4c2cc5529','e225de9e-e14e-4219-a638-44d136be5613','46c78359-bdb4-421e-9182-d1d095921f20','b0aabdc2-3a7f-496c-a902-ee468671cf24','f4e500e8-45dd-4eeb-8b47-c97d832f18b2','00f63f53-4009-405a-9736-eff543475f78','31cb98ec-4d68-460a-8a6b-1566b0356cb5','29033b15-df4d-4afe-b261-d9f9d978215b','770de03c-008e-4352-915b-dbad46394b3e','386b4440-e446-4a4c-bbf2-2df0b3d482e7','764434f1-f401-4cec-b0a5-94c50e4c10bb','f8315a47-3595-4af7-afca-831deb36ae44','16b41fad-47bb-456e-818a-0e17a10696d3','7dba2974-eed0-4a24-8090-13ce49e8ae9c','2107c201-e779-4d54-b9d8-e77e63506727','540fda97-9bb5-45a3-8677-e5494a35f98d','8db21bed-0a56-4384-b989-46c85bf60a4a','b64fe46a-25b2-4780-b910-8897bab331d1','04b0026e-ed12-4e5e-85e2-1ed905581184','c4b26668-789f-4117-b9af-34719df71955','06cf74d1-3ae5-4aee-8048-5fab3132f2ba','5ce4a39b-7e40-4486-b5d7-7f910cb36590','b23b7eaa-6c87-413b-b144-42b7afafd4df','f033f831-0ad6-4654-b9cc-9ad6f8c92e8c','af282aaf-606b-4d5f-9ef8-070dc205befb','24c1e762-e92d-485c-ab51-7bd8574e8cb1','2d68eaae-a710-43ae-b278-b376f0865788','21fdd8fe-78d5-4ce1-ae83-7df1ebfc6f56','23922b05-5fbd-49fd-8f6e-3847cabd2503','5c53b1b4-f8e2-4bd1-a376-d983f799cf4b')
[2026-04-15 02:56:31.327] local.info: [13.215ms] [rows:45] SELECT * FROM "permissions" WHERE id IN ('ab6da9f5-8b11-4644-9aaa-009b3b28a4ec','5daf3519-8949-4d26-b4bc-00c8b03f04fe','91166846-7ec1-42de-b134-ce141c3a9d7d','28c919a4-3744-4931-805a-a219892adbe3','789e0c77-5a0c-4ea7-a2e1-606803a6e2bd','6cd9d7a8-34ac-4740-9bc1-aa386ae6de38','8d2454fc-6567-46f9-8527-5843c7142e3c','cf81b7d4-096a-435a-b515-ad3f779199b8','82188518-37d9-45c0-9bca-b0d202cc9449','c01ff63f-6e93-4a78-8e50-87af96ab4a89','a14b8e8b-3f32-475f-8a47-5d33dab3042e','653cb315-36f1-4697-90e4-329900532da2','217d2f9d-5606-432f-99aa-bd6fb720b45f','328bd207-61d6-40ab-9d1d-bbe31ba63a3e','9b3cb586-a24f-4353-8c5a-6a860eba7357','a9280ee9-eb73-4cfb-8092-80f4c2cc5529','e225de9e-e14e-4219-a638-44d136be5613','46c78359-bdb4-421e-9182-d1d095921f20','b0aabdc2-3a7f-496c-a902-ee468671cf24','f4e500e8-45dd-4eeb-8b47-c97d832f18b2','00f63f53-4009-405a-9736-eff543475f78','31cb98ec-4d68-460a-8a6b-1566b0356cb5','29033b15-df4d-4afe-b261-d9f9d978215b','770de03c-008e-4352-915b-dbad46394b3e','386b4440-e446-4a4c-bbf2-2df0b3d482e7','764434f1-f401-4cec-b0a5-94c50e4c10bb','f8315a47-3595-4af7-afca-831deb36ae44','16b41fad-47bb-456e-818a-0e17a10696d3','7dba2974-eed0-4a24-8090-13ce49e8ae9c','2107c201-e779-4d54-b9d8-e77e63506727','540fda97-9bb5-45a3-8677-e5494a35f98d','8db21bed-0a56-4384-b989-46c85bf60a4a','b64fe46a-25b2-4780-b910-8897bab331d1','04b0026e-ed12-4e5e-85e2-1ed905581184','c4b26668-789f-4117-b9af-34719df71955','06cf74d1-3ae5-4aee-8048-5fab3132f2ba','5ce4a39b-7e40-4486-b5d7-7f910cb36590','b23b7eaa-6c87-413b-b144-42b7afafd4df','f033f831-0ad6-4654-b9cc-9ad6f8c92e8c','af282aaf-606b-4d5f-9ef8-070dc205befb','24c1e762-e92d-485c-ab51-7bd8574e8cb1','2d68eaae-a710-43ae-b278-b376f0865788','21fdd8fe-78d5-4ce1-ae83-7df1ebfc6f56','23922b05-5fbd-49fd-8f6e-3847cabd2503','5c53b1b4-f8e2-4bd1-a376-d983f799cf4b')
[2026-04-15 02:56:31.328] local.info: [8.210ms] [rows:45] SELECT * FROM "permissions" WHERE id IN ('ab6da9f5-8b11-4644-9aaa-009b3b28a4ec','5daf3519-8949-4d26-b4bc-00c8b03f04fe','91166846-7ec1-42de-b134-ce141c3a9d7d','28c919a4-3744-4931-805a-a219892adbe3','789e0c77-5a0c-4ea7-a2e1-606803a6e2bd','6cd9d7a8-34ac-4740-9bc1-aa386ae6de38','8d2454fc-6567-46f9-8527-5843c7142e3c','cf81b7d4-096a-435a-b515-ad3f779199b8','82188518-37d9-45c0-9bca-b0d202cc9449','c01ff63f-6e93-4a78-8e50-87af96ab4a89','a14b8e8b-3f32-475f-8a47-5d33dab3042e','653cb315-36f1-4697-90e4-329900532da2','217d2f9d-5606-432f-99aa-bd6fb720b45f','328bd207-61d6-40ab-9d1d-bbe31ba63a3e','9b3cb586-a24f-4353-8c5a-6a860eba7357','a9280ee9-eb73-4cfb-8092-80f4c2cc5529','e225de9e-e14e-4219-a638-44d136be5613','46c78359-bdb4-421e-9182-d1d095921f20','b0aabdc2-3a7f-496c-a902-ee468671cf24','f4e500e8-45dd-4eeb-8b47-c97d832f18b2','00f63f53-4009-405a-9736-eff543475f78','31cb98ec-4d68-460a-8a6b-1566b0356cb5','29033b15-df4d-4afe-b261-d9f9d978215b','770de03c-008e-4352-915b-dbad46394b3e','386b4440-e446-4a4c-bbf2-2df0b3d482e7','764434f1-f401-4cec-b0a5-94c50e4c10bb','f8315a47-3595-4af7-afca-831deb36ae44','16b41fad-47bb-456e-818a-0e17a10696d3','7dba2974-eed0-4a24-8090-13ce49e8ae9c','2107c201-e779-4d54-b9d8-e77e63506727','540fda97-9bb5-45a3-8677-e5494a35f98d','8db21bed-0a56-4384-b989-46c85bf60a4a','b64fe46a-25b2-4780-b910-8897bab331d1','04b0026e-ed12-4e5e-85e2-1ed905581184','c4b26668-789f-4117-b9af-34719df71955','06cf74d1-3ae5-4aee-8048-5fab3132f2ba','5ce4a39b-7e40-4486-b5d7-7f910cb36590','b23b7eaa-6c87-413b-b144-42b7afafd4df','f033f831-0ad6-4654-b9cc-9ad6f8c92e8c','af282aaf-606b-4d5f-9ef8-070dc205befb','24c1e762-e92d-485c-ab51-7bd8574e8cb1','2d68eaae-a710-43ae-b278-b376f0865788','21fdd8fe-78d5-4ce1-ae83-7df1ebfc6f56','23922b05-5fbd-49fd-8f6e-3847cabd2503','5c53b1b4-f8e2-4bd1-a376-d983f799cf4b')
[2026-04-15 02:56:31.338] local.info: [16.793ms] [rows:2] SELECT * FROM "users"
[2026-04-15 02:56:31.338] local.info: [10.988ms] [rows:7] SELECT * FROM "roles" ORDER BY name asc
[2026-04-15 02:56:31.353] local.info: [25.685ms] [rows:1] SELECT count(*) FROM "departments"
[2026-04-15 02:56:31.373] local.info: [19.851ms] [rows:1] SELECT * FROM "companies" WHERE "companies"."id" = '00000000-0000-0000-0000-000000000001'
[2026-04-15 02:56:31.374] local.info: [20.183ms] [rows:1] SELECT * FROM "departments" ORDER BY sort_order asc, created_at desc LIMIT 20
[2026-04-15 02:56:31.393] local.info: [19.745ms] [rows:1] SELECT * FROM "offices" WHERE "offices"."id" = '00000000-0000-0000-0000-000000000002'
[2026-04-15 02:56:31.433] local.info: [39.876ms] [rows:2] SELECT * FROM "user_roles" WHERE "user_roles"."user_id" IN ('00000000-0000-0000-0000-000000000099','00000000-0000-0000-0000-000000000010')
[2026-04-15 02:56:31.534] local.info: [99.808ms] [rows:2] SELECT * FROM "roles" WHERE "roles"."id" IN ('e1fa66ee-34a7-40de-bc17-3d7dc2d68ab4','68c46dfb-a565-4938-99d7-9fdd0acf8a7e')
[2026-04-15 02:56:31.534] local.info: [196.123ms] [rows:2] SELECT * FROM "users" ORDER BY created_at desc LIMIT 20
[2026-04-15 03:08:27.812] local.info: [42.980ms] [rows:1] SELECT * FROM "users" WHERE id = '00000000-0000-0000-0000-000000000099' ORDER BY "users"."id" LIMIT 1
[2026-04-15 03:08:27.833] local.info: [20.560ms] [rows:1] SELECT * FROM "user_roles" WHERE user_id = '00000000-0000-0000-0000-000000000099'
[2026-04-15 03:08:27.882] local.info: [49.305ms] [rows:1] SELECT * FROM "roles" WHERE id IN ('68c46dfb-a565-4938-99d7-9fdd0acf8a7e')
[2026-04-15 03:08:27.913] local.info: [31.056ms] [rows:45] SELECT * FROM "role_permissions" WHERE role_id IN ('68c46dfb-a565-4938-99d7-9fdd0acf8a7e')
[2026-04-15 03:08:27.932] local.info: [18.717ms] [rows:45] SELECT * FROM "permissions" WHERE id IN ('ab6da9f5-8b11-4644-9aaa-009b3b28a4ec','5daf3519-8949-4d26-b4bc-00c8b03f04fe','91166846-7ec1-42de-b134-ce141c3a9d7d','28c919a4-3744-4931-805a-a219892adbe3','789e0c77-5a0c-4ea7-a2e1-606803a6e2bd','6cd9d7a8-34ac-4740-9bc1-aa386ae6de38','8d2454fc-6567-46f9-8527-5843c7142e3c','cf81b7d4-096a-435a-b515-ad3f779199b8','82188518-37d9-45c0-9bca-b0d202cc9449','c01ff63f-6e93-4a78-8e50-87af96ab4a89','a14b8e8b-3f32-475f-8a47-5d33dab3042e','653cb315-36f1-4697-90e4-329900532da2','217d2f9d-5606-432f-99aa-bd6fb720b45f','328bd207-61d6-40ab-9d1d-bbe31ba63a3e','9b3cb586-a24f-4353-8c5a-6a860eba7357','a9280ee9-eb73-4cfb-8092-80f4c2cc5529','e225de9e-e14e-4219-a638-44d136be5613','46c78359-bdb4-421e-9182-d1d095921f20','b0aabdc2-3a7f-496c-a902-ee468671cf24','f4e500e8-45dd-4eeb-8b47-c97d832f18b2','00f63f53-4009-405a-9736-eff543475f78','31cb98ec-4d68-460a-8a6b-1566b0356cb5','29033b15-df4d-4afe-b261-d9f9d978215b','770de03c-008e-4352-915b-dbad46394b3e','386b4440-e446-4a4c-bbf2-2df0b3d482e7','764434f1-f401-4cec-b0a5-94c50e4c10bb','f8315a47-3595-4af7-afca-831deb36ae44','16b41fad-47bb-456e-818a-0e17a10696d3','7dba2974-eed0-4a24-8090-13ce49e8ae9c','2107c201-e779-4d54-b9d8-e77e63506727','540fda97-9bb5-45a3-8677-e5494a35f98d','8db21bed-0a56-4384-b989-46c85bf60a4a','b64fe46a-25b2-4780-b910-8897bab331d1','04b0026e-ed12-4e5e-85e2-1ed905581184','c4b26668-789f-4117-b9af-34719df71955','06cf74d1-3ae5-4aee-8048-5fab3132f2ba','5ce4a39b-7e40-4486-b5d7-7f910cb36590','b23b7eaa-6c87-413b-b144-42b7afafd4df','f033f831-0ad6-4654-b9cc-9ad6f8c92e8c','af282aaf-606b-4d5f-9ef8-070dc205befb','24c1e762-e92d-485c-ab51-7bd8574e8cb1','2d68eaae-a710-43ae-b278-b376f0865788','21fdd8fe-78d5-4ce1-ae83-7df1ebfc6f56','23922b05-5fbd-49fd-8f6e-3847cabd2503','5c53b1b4-f8e2-4bd1-a376-d983f799cf4b')
[2026-04-15 03:08:27.952] local.error: [19.608ms] [rows:0] SELECT * FROM "documents" WHERE id = 'my' AND deleted_at IS NULL ORDER BY "documents"."id" LIMIT 1	ERROR: invalid input syntax for type uuid: "my" (SQLSTATE 22P02)
[Trace] /Users/arivin29macmini/go/pkg/mod/github.com/goravel/framework@v1.17.2/log/writer.go:202 [log.(*Writer).withStackTrace]
/Users/arivin29macmini/go/pkg/mod/github.com/goravel/framework@v1.17.2/log/writer.go:65 [log.(*Writer).Errorf]
/Users/arivin29macmini/go/pkg/mod/github.com/goravel/framework@v1.17.2/database/db/logger.go:79 [db.(*Logger).Errorf]
/Users/arivin29macmini/go/pkg/mod/github.com/goravel/framework@v1.17.2/database/db/logger.go:102 [db.(*Logger).Trace]
/Users/arivin29macmini/go/pkg/mod/github.com/goravel/framework@v1.17.2/database/db/logger.go:153 [db.(*Gorm).Trace]
/Users/arivin29macmini/go/pkg/mod/gorm.io/gorm@v1.31.1/callbacks.go:140 [gorm.(*processor).Execute]
/Users/arivin29macmini/go/pkg/mod/gorm.io/gorm@v1.31.1/finisher_api.go:131 [gorm.(*DB).First]
/Users/arivin29macmini/go/pkg/mod/github.com/goravel/framework@v1.17.2/database/gorm/query.go:299 [gorm.(*Query).First]
/Users/arivin29macmini/Documents/DEVETEK/BMS/dms/app/repositories/document_repository.go:188 [repositories.(*documentRepository).FindByIDWithRelations]
/Users/arivin29macmini/Documents/DEVETEK/BMS/dms/app/services/document_service.go:90 [services.(*DocumentService).GetByID]
/Users/arivin29macmini/Documents/DEVETEK/BMS/dms/app/http/controllers/document_controller.go:87 [controllers.(*DocumentController).Show]
/Users/arivin29macmini/go/pkg/mod/github.com/goravel/gin@v1.17.0/utils.go:37 [gin.(*Group).Get.handlerToGinHandler.func1]
/Users/arivin29macmini/go/pkg/mod/github.com/gin-gonic/gin@v1.11.0/context.go:192 [gin.(*Context).Next]
/Users/arivin29macmini/go/pkg/mod/github.com/goravel/gin@v1.17.0/context_request.go:230 [gin.(*ContextRequest).Next]
/Users/arivin29macmini/go/pkg/mod/github.com/goravel/gin@v1.17.0/context_response.go:157 [gin.(*Route).init.ResponseMiddleware.func2]
/Users/arivin29macmini/go/pkg/mod/github.com/goravel/gin@v1.17.0/utils.go:54 [gin.(*Group).WithMiddlewares.middlewaresToGinHandlers.middlewareToGinHandler.func1]
/Users/arivin29macmini/go/pkg/mod/github.com/gin-gonic/gin@v1.11.0/context.go:192 [gin.(*Context).Next]
/Users/arivin29macmini/go/pkg/mod/github.com/goravel/gin@v1.17.0/context_request.go:230 [gin.(*ContextRequest).Next]
/Users/arivin29macmini/Documents/DEVETEK/BMS/dms/app/http/middleware/rbac.go:30 [routes.Api.func2.2.RequirePermission.71]
/Users/arivin29macmini/go/pkg/mod/github.com/goravel/gin@v1.17.0/utils.go:54 [gin.(*Group).WithMiddlewares.middlewaresToGinHandlers.middlewareToGinHandler.func1]
/Users/arivin29macmini/go/pkg/mod/github.com/gin-gonic/gin@v1.11.0/context.go:192 [gin.(*Context).Next]
/Users/arivin29macmini/go/pkg/mod/github.com/goravel/gin@v1.17.0/context_request.go:230 [gin.(*ContextRequest).Next]
/Users/arivin29macmini/Documents/DEVETEK/BMS/dms/app/http/middleware/scope.go:63 [routes.Api.func2.DataScope.5]
/Users/arivin29macmini/go/pkg/mod/github.com/goravel/gin@v1.17.0/utils.go:54 [gin.(*Group).WithMiddlewares.middlewaresToGinHandlers.middlewareToGinHandler.func1]
/Users/arivin29macmini/go/pkg/mod/github.com/gin-gonic/gin@v1.11.0/context.go:192 [gin.(*Context).Next]
/Users/arivin29macmini/go/pkg/mod/github.com/goravel/gin@v1.17.0/context_request.go:230 [gin.(*ContextRequest).Next]
/Users/arivin29macmini/Documents/DEVETEK/BMS/dms/app/http/middleware/auth.go:50 [routes.Api.func2.Auth.4]
/Users/arivin29macmini/go/pkg/mod/github.com/goravel/gin@v1.17.0/utils.go:54 [gin.(*Group).WithMiddlewares.middlewaresToGinHandlers.middlewareToGinHandler.func1]
/Users/arivin29macmini/go/pkg/mod/github.com/gin-gonic/gin@v1.11.0/context.go:192 [gin.(*Context).Next]
/Users/arivin29macmini/go/pkg/mod/github.com/goravel/gin@v1.17.0/context_request.go:230 [gin.(*ContextRequest).Next]
/Users/arivin29macmini/Documents/DEVETEK/BMS/dms/app/http/middleware/cors.go:27 [routes.Api.Cors.func5]
/Users/arivin29macmini/go/pkg/mod/github.com/goravel/gin@v1.17.0/utils.go:54 [gin.(*Group).WithMiddlewares.middlewaresToGinHandlers.middlewareToGinHandler.func1]
/Users/arivin29macmini/go/pkg/mod/github.com/gin-gonic/gin@v1.11.0/context.go:192 [gin.(*Context).Next]
/Users/arivin29macmini/go/pkg/mod/github.com/goravel/gin@v1.17.0/context_request.go:230 [gin.(*ContextRequest).Next]
/Users/arivin29macmini/go/pkg/mod/github.com/goravel/gin@v1.17.0/middleware_tls.go:18 [gin.NewRoute.Tls.func3]
/Users/arivin29macmini/go/pkg/mod/github.com/goravel/gin@v1.17.0/utils.go:54 [gin.(*Route).init.middlewaresToGinHandlers.middlewareToGinHandler.func3]
/Users/arivin29macmini/go/pkg/mod/github.com/gin-gonic/gin@v1.11.0/context.go:192 [gin.(*Context).Next]
/Users/arivin29macmini/go/pkg/mod/github.com/goravel/gin@v1.17.0/context_request.go:230 [gin.(*ContextRequest).Next]
/Users/arivin29macmini/go/pkg/mod/github.com/goravel/gin@v1.17.0/middleware_cors.go:63 [gin.NewRoute.Cors.func2]
/Users/arivin29macmini/go/pkg/mod/github.com/goravel/gin@v1.17.0/utils.go:54 [gin.(*Route).init.middlewaresToGinHandlers.middlewareToGinHandler.func3]
/Users/arivin29macmini/go/pkg/mod/github.com/gin-gonic/gin@v1.11.0/context.go:192 [gin.(*Context).Next]
/Users/arivin29macmini/go/pkg/mod/github.com/goravel/gin@v1.17.0/context_request.go:230 [gin.(*ContextRequest).Next]
[2026-04-15 03:08:32.802] local.info: [41.570ms] [rows:1] SELECT * FROM "users" WHERE id = '00000000-0000-0000-0000-000000000099' ORDER BY "users"."id" LIMIT 1
[2026-04-15 03:08:32.824] local.info: [22.026ms] [rows:1] SELECT * FROM "user_roles" WHERE user_id = '00000000-0000-0000-0000-000000000099'
[2026-04-15 03:08:32.882] local.info: [58.200ms] [rows:1] SELECT * FROM "roles" WHERE id IN ('68c46dfb-a565-4938-99d7-9fdd0acf8a7e')
[2026-04-15 03:08:32.922] local.info: [39.202ms] [rows:45] SELECT * FROM "role_permissions" WHERE role_id IN ('68c46dfb-a565-4938-99d7-9fdd0acf8a7e')
[2026-04-15 03:08:32.943] local.info: [20.619ms] [rows:45] SELECT * FROM "permissions" WHERE id IN ('ab6da9f5-8b11-4644-9aaa-009b3b28a4ec','5daf3519-8949-4d26-b4bc-00c8b03f04fe','91166846-7ec1-42de-b134-ce141c3a9d7d','28c919a4-3744-4931-805a-a219892adbe3','789e0c77-5a0c-4ea7-a2e1-606803a6e2bd','6cd9d7a8-34ac-4740-9bc1-aa386ae6de38','8d2454fc-6567-46f9-8527-5843c7142e3c','cf81b7d4-096a-435a-b515-ad3f779199b8','82188518-37d9-45c0-9bca-b0d202cc9449','c01ff63f-6e93-4a78-8e50-87af96ab4a89','a14b8e8b-3f32-475f-8a47-5d33dab3042e','653cb315-36f1-4697-90e4-329900532da2','217d2f9d-5606-432f-99aa-bd6fb720b45f','328bd207-61d6-40ab-9d1d-bbe31ba63a3e','9b3cb586-a24f-4353-8c5a-6a860eba7357','a9280ee9-eb73-4cfb-8092-80f4c2cc5529','e225de9e-e14e-4219-a638-44d136be5613','46c78359-bdb4-421e-9182-d1d095921f20','b0aabdc2-3a7f-496c-a902-ee468671cf24','f4e500e8-45dd-4eeb-8b47-c97d832f18b2','00f63f53-4009-405a-9736-eff543475f78','31cb98ec-4d68-460a-8a6b-1566b0356cb5','29033b15-df4d-4afe-b261-d9f9d978215b','770de03c-008e-4352-915b-dbad46394b3e','386b4440-e446-4a4c-bbf2-2df0b3d482e7','764434f1-f401-4cec-b0a5-94c50e4c10bb','f8315a47-3595-4af7-afca-831deb36ae44','16b41fad-47bb-456e-818a-0e17a10696d3','7dba2974-eed0-4a24-8090-13ce49e8ae9c','2107c201-e779-4d54-b9d8-e77e63506727','540fda97-9bb5-45a3-8677-e5494a35f98d','8db21bed-0a56-4384-b989-46c85bf60a4a','b64fe46a-25b2-4780-b910-8897bab331d1','04b0026e-ed12-4e5e-85e2-1ed905581184','c4b26668-789f-4117-b9af-34719df71955','06cf74d1-3ae5-4aee-8048-5fab3132f2ba','5ce4a39b-7e40-4486-b5d7-7f910cb36590','b23b7eaa-6c87-413b-b144-42b7afafd4df','f033f831-0ad6-4654-b9cc-9ad6f8c92e8c','af282aaf-606b-4d5f-9ef8-070dc205befb','24c1e762-e92d-485c-ab51-7bd8574e8cb1','2d68eaae-a710-43ae-b278-b376f0865788','21fdd8fe-78d5-4ce1-ae83-7df1ebfc6f56','23922b05-5fbd-49fd-8f6e-3847cabd2503','5c53b1b4-f8e2-4bd1-a376-d983f799cf4b')
[2026-04-15 03:08:32.972] local.info: [28.701ms] [rows:1] SELECT count(*) FROM "document_templates" WHERE company_id = '00000000-0000-0000-0000-000000000001'
[2026-04-15 03:08:33.013] local.info: [20.519ms] [rows:1] SELECT * FROM "document_types" WHERE "document_types"."id" = '7367ca3d-eb1d-43dd-a115-cf3d2ceecdfa'
[2026-04-15 03:08:33.013] local.info: [40.152ms] [rows:1] SELECT * FROM "document_templates" WHERE company_id = '00000000-0000-0000-0000-000000000001' ORDER BY created_at desc LIMIT 20
